2026-03-09 21:33:13.108 10442-10442 PerformanceTracker      com.chakir.plexhubtv                 D  🔹 [PERF][CHECKPOINT][PLAYBACK] Queue Built | ID=playback_episode_58930_1773088382369 | meta={duration=56, items=1}
2026-03-09 21:33:13.108 10442-10442 PlaybackManager         com.chakir.plexhubtv                 D  PlaybackManager.play: 'Prends ton envol !' (rk=58930, sid=8ce06cfd9a12c4cab3ec7206474a6338304b1801) | queue=1 items | index=0 | hasNext=false
2026-03-09 21:33:13.108 10442-10442 PerformanceTracker      com.chakir.plexhubtv                 D  🔹 [PERF][CHECKPOINT][PLAYBACK] PlaybackManager Initialized | ID=playback_episode_58930_1773088382369 | meta={}
2026-03-09 21:33:13.108 10442-10442 PerformanceTracker      com.chakir.plexhubtv                 D  🔹 [PERF][CHECKPOINT][PLAYBACK] Source Selection Dialog Shown | ID=playback_episode_58930_1773088382369 | meta={}
2026-03-09 21:33:13.434 10442-10442 SeasonDeta...rceDetails com.chakir.plexhubtv                 D  Lazy-fetched stream details for source VM NAS Plex
2026-03-09 21:33:16.620 10442-10442 ExoPlayerImpl           com.chakir.plexhubtv                 I  Init 8124cbd [AndroidXMedia3/1.9.0] [generic_x86, sdk_google_atv_x86, unknown, 28]
2026-03-09 21:33:16.634 10442-10442 PlayerController        com.chakir.plexhubtv                 D  PlayerController.loadMedia: rk=58930, sid=8ce06cfd9a12c4cab3ec7206474a6338304b1801 (isMpvMode=false, scopeActive=true)
2026-03-09 21:33:16.694 10442-10497 LeakCanary              com.chakir.plexhubtv                 D  Setting up flushing for Thread[ExoPlayer:Playback,5,main]
2026-03-09 21:33:16.699 10442-10447 hakir.plexhubt          com.chakir.plexhubtv                 I  JIT allocated 83KB for stack maps of kotlin.Unit com.chakir.plexhubtv.feature.player.components.NetflixPlayerControlsKt.NetflixPlayerControls$lambda$36(java.lang.String, java.util.List, kotlin.jvm.functions.Function0, java.lang.String, com.chakir.plexhubtv.core.model.MediaItem, java.lang.String, java.lang.String, kotlin.jvm.functions.Function0, androidx.compose.ui.focus.FocusRequester, boolean, java.lang.String, java.lang.String, kotlin.jvm.functions.Function1, long, long, java.util.List, java.util.List, kotlin.jvm.functions.Function1, kotlin.jvm.functions.Function0, kotlin.jvm.functions.Function0, kotlin.jvm.functions.Function0, kotlin.jvm.functions.Function0, kotlin.jvm.functions.Function0, kotlin.jvm.functions.Function0, kotlin.jvm.functions.Function0, kotlin.jvm.functions.Function0, java.lang.String, java.lang.String, java.lang.String, java.lang.String, java.lang.String, java.lang.String, java.lang.String, java.lang.String, java.lang.String, androidx.compose.animation.AnimatedVisibilityScope, androidx.co
2026-03-09 21:33:16.763 10442-10454 hakir.plexhubt          com.chakir.plexhubtv                 I  Background concurrent copying GC freed 140929(7MB) AllocSpace objects, 18(864KB) LOS objects, 19% free, 24MB/30MB, paused 3.077ms total 139.889ms
2026-03-09 21:33:16.858 10442-10442 PerformanceTracker      com.chakir.plexhubtv                 D  ⏱️ [PERF][START][PLAYBACK] PlayerController.loadMedia → Stream Ready | ID=player_load_58930 | meta={ratingKey=58930, serverId=8ce06cfd9a12c4cab3ec7206474a6338304b1801}
2026-03-09 21:33:16.968 10442-10442 PerformanceTracker      com.chakir.plexhubtv                 D  🔹 [PERF][CHECKPOINT][PLAYBACK] Settings Loaded (Parallel) | ID=player_load_58930 | meta={duration=109}
2026-03-09 21:33:17.077 10442-10442 PerformanceTracker      com.chakir.plexhubtv                 D  🔹 [PERF][CHECKPOINT][PLAYBACK] Media Detail Fetched | ID=player_load_58930 | meta={duration=109, success=true}
2026-03-09 21:33:17.078 10442-10442 PerformanceTracker      com.chakir.plexhubtv                 D  🔹 [PERF][CHECKPOINT][PLAYBACK] Media Loaded | ID=player_load_58930 | meta={title=Prends ton envol !, parts=1}
2026-03-09 21:33:17.078 10442-10442 PlaybackManager         com.chakir.plexhubtv                 D  PlaybackManager.getNextMedia: currentIndex=0, queueSize=1, nextIndex=1, hasNext=false, next='null'
2026-03-09 21:33:17.078 10442-10442 PerformanceTracker      com.chakir.plexhubtv                 D  🔹 [PERF][CHECKPOINT][PLAYBACK] Tracks Populated | ID=player_load_58930 | meta={duration=0, audioTracks=3, subtitles=2}
2026-03-09 21:33:17.078 10442-10442 PlayerCont...$loadMedia com.chakir.plexhubtv                 D  PlayerController: Audio codec 'ac3' not supported by ExoPlayer, switching to MPV
2026-03-09 21:33:17.078 10442-10442 PerformanceTracker      com.chakir.plexhubtv                 D  🔹 [PERF][CHECKPOINT][PLAYBACK] Audio Codec Preflight → MPV | ID=player_load_58930 | meta={codec=ac3}
2026-03-09 21:33:17.081 10442-10442 PlayerController        com.chakir.plexhubtv                 D  SCREEN [Player] switchToMpv() called (deinterlace=false)
2026-03-09 21:33:17.082 10442-10442 ExoPlayerImpl           com.chakir.plexhubtv                 I  Release 8124cbd [AndroidXMedia3/1.9.0] [generic_x86, sdk_google_atv_x86, unknown, 28] [media3.common, media3.exoplayer, media3.decoder, media3.datasource, media3.extractor, media3.ui, media3.datasource.okhttp]
2026-03-09 21:33:17.099 10442-10442 PlayerController        com.chakir.plexhubtv                 D  PlayerController: MPV AudioFocus request result=1
2026-03-09 21:33:17.100 10442-10442 PlayerController        com.chakir.plexhubtv                 D  PlayerController.loadMedia: rk=58930, sid=8ce06cfd9a12c4cab3ec7206474a6338304b1801 (isMpvMode=true, scopeActive=true)
2026-03-09 21:33:17.121 10442-10442 MpvPlayerWrapper        com.chakir.plexhubtv                 D  Initializing MPV...
2026-03-09 21:33:17.132 10442-10442 MpvPlayerWrapper        com.chakir.plexhubtv                 D  MPV: zero-copy mode (vo=mediacodec_embed, hwdec=mediacodec)
2026-03-09 21:33:17.158 10442-10442 MpvPlayerWrapper        com.chakir.plexhubtv                 D  MPV Initialized successfully
2026-03-09 21:33:17.160 10442-11521 mpv                     com.chakir.plexhubtv                 V  [cplayer:v] mpv v0.40.0-dirty Copyright © 2000-2025 mpv/MPlayer/mplayer2 projects
2026-03-09 21:33:17.160 10442-11521 mpv                     com.chakir.plexhubtv                 V  event: idle
2026-03-09 21:33:17.165 10442-11521 mpv                     com.chakir.plexhubtv                 V  [cplayer:v]  built on Jul 12 2025 10:35:54
2026-03-09 21:33:17.165 10442-11521 mpv                     com.chakir.plexhubtv                 V  [cplayer:v] libplacebo version: v7.351.0 (v7.351.0)
2026-03-09 21:33:17.166 10442-11521 mpv                     com.chakir.plexhubtv                 V  [cplayer:v] FFmpeg version: n7.1.1
2026-03-09 21:33:17.167 10442-11521 mpv                     com.chakir.plexhubtv                 V  [cplayer:v] FFmpeg library versions:
2026-03-09 21:33:17.167 10442-11521 mpv                     com.chakir.plexhubtv                 V  [cplayer:v]    libavcodec      61.19.101
2026-03-09 21:33:17.167 10442-11521 mpv                     com.chakir.plexhubtv                 V  [cplayer:v]    libavdevice     61.3.100
2026-03-09 21:33:17.167 10442-11521 mpv                     com.chakir.plexhubtv                 V  [cplayer:v]    libavfilter     10.4.100
2026-03-09 21:33:17.167 10442-11521 mpv                     com.chakir.plexhubtv                 V  [cplayer:v]    libavformat     61.7.100
2026-03-09 21:33:17.167 10442-11521 mpv                     com.chakir.plexhubtv                 V  [cplayer:v]    libavutil       59.39.100
2026-03-09 21:33:17.167 10442-11521 mpv                     com.chakir.plexhubtv                 V  [cplayer:v]    libswresample   5.3.100
2026-03-09 21:33:17.167 10442-11521 mpv                     com.chakir.plexhubtv                 V  [cplayer:v]    libswscale      8.3.100
2026-03-09 21:33:17.167 10442-11521 mpv                     com.chakir.plexhubtv                 V  [cplayer:v] Configuration: -Diconv=disabled -Dlua=enabled -Dlibmpv=true -Dcplayer=false -Dmanpage-build=disabled -Ddefault_library=shared --cross-file=/home/runner/work/libmpv-android/libmpv-android/buildscripts/prefix/x86/crossfile.txt
2026-03-09 21:33:17.168 10442-11521 mpv                     com.chakir.plexhubtv                 V  [cplayer:v] List of enabled features: aaudio android android-media-ndk audiotrack build-date cplugins dvbin egl-android ffmpeg gl glibc-thread-name gpl libass libavdevice libdl libplacebo linux-fstatfs lua memrchr opensles posix ppoll pthread-condattr-setclock vector vt.h zlib
2026-03-09 21:33:17.170 10442-11521 mpv                     com.chakir.plexhubtv                 V  [clipboard:v] Initialized vo clipboard backend.
2026-03-09 21:33:17.171 10442-11521 mpv                     com.chakir.plexhubtv                 V  [cplayer:v] Waiting for scripts...
2026-03-09 21:33:17.171 10442-11521 mpv                     com.chakir.plexhubtv                 V  [cplayer:v] Done loading scripts.
2026-03-09 21:33:17.189 10442-10442 PerformanceTracker      com.chakir.plexhubtv                 D  ⏱️ [PERF][START][PLAYBACK] PlayerController.loadMedia → Stream Ready | ID=player_load_58930 | meta={ratingKey=58930, serverId=8ce06cfd9a12c4cab3ec7206474a6338304b1801}
2026-03-09 21:33:17.280 10442-10442 PerformanceTracker      com.chakir.plexhubtv                 D  🔹 [PERF][CHECKPOINT][PLAYBACK] Settings Loaded (Parallel) | ID=player_load_58930 | meta={duration=91}
2026-03-09 21:33:17.371 10442-10442 PerformanceTracker      com.chakir.plexhubtv                 D  🔹 [PERF][CHECKPOINT][PLAYBACK] Media Detail Fetched | ID=player_load_58930 | meta={duration=89, success=true}
2026-03-09 21:33:17.372 10442-10442 PerformanceTracker      com.chakir.plexhubtv                 D  🔹 [PERF][CHECKPOINT][PLAYBACK] Media Loaded | ID=player_load_58930 | meta={title=Prends ton envol !, parts=1}
2026-03-09 21:33:17.373 10442-10442 PlaybackManager         com.chakir.plexhubtv                 D  PlaybackManager.getNextMedia: currentIndex=0, queueSize=1, nextIndex=1, hasNext=false, next='null'
2026-03-09 21:33:17.373 10442-10442 PerformanceTracker      com.chakir.plexhubtv                 D  🔹 [PERF][CHECKPOINT][PLAYBACK] Tracks Populated | ID=player_load_58930 | meta={duration=0, audioTracks=3, subtitles=2}
2026-03-09 21:33:17.416 10442-10442 PlayerTrackController   com.chakir.plexhubtv                 D  PlayerTrackController: Original audio detection → found=Français, isOriginal=false
2026-03-09 21:33:17.422 10442-10447 hakir.plexhubt          com.chakir.plexhubtv                 I  JIT allocated 76KB for stack maps of java.lang.Object com.chakir.plexhubtv.feature.player.controller.PlayerController$loadMedia$1.invokeSuspend(java.lang.Object)
2026-03-09 21:33:17.439 10442-10447 hakir.plexhubt          com.chakir.plexhubtv                 I  Compiler allocated 5MB to compile java.lang.Object com.chakir.plexhubtv.feature.player.controller.PlayerController$loadMedia$1.invokeSuspend(java.lang.Object)
2026-03-09 21:33:17.444 10442-10442 PerformanceTracker      com.chakir.plexhubtv                 D  🔹 [PERF][CHECKPOINT][PLAYBACK] Stream URL Built | ID=player_load_58930 | meta={duration=0, directPlay=true, bitrate=200000}
2026-03-09 21:33:17.444 10442-10442 PlayerCont...$loadMedia com.chakir.plexhubtv                 D  PlayerController: Track resolution → audio=Français(295202), sub=null(null), directPlay=true
2026-03-09 21:33:17.444 10442-10442 PerformanceTracker      com.chakir.plexhubtv                 D  🔹 [PERF][CHECKPOINT][PLAYBACK] MPV Player Mode | ID=player_load_58930 | meta={}
2026-03-09 21:33:17.445 10442-10442 MpvPlayerWrapper        com.chakir.plexhubtv                 D  play() called with URL: https://192-168-0-175.73d044407d6741c8a17d97a88c22846e.plex.direct:32400/library/parts/91080/1721209722/file.mkv?X-Plex-Token=91E6EobKrRGyEzGCJkAi (isInitialized=true)
2026-03-09 21:33:17.452 10442-11521 mpv                     com.chakir.plexhubtv                 V  event: start-file
2026-03-09 21:33:17.455 10442-11521 mpv                     com.chakir.plexhubtv                 V  [cplayer:v] Running hook: auto_profiles/on_before_start_file
2026-03-09 21:33:17.456 10442-11521 mpv                     com.chakir.plexhubtv                 V  [cplayer:v] Failed sending hook command auto_profiles/on_before_start_file. Removing hook.
2026-03-09 21:33:17.456 10442-11521 mpv                     com.chakir.plexhubtv                 V  [cplayer:v] Running hook: auto_profiles/on_load
2026-03-09 21:33:17.456 10442-11521 mpv                     com.chakir.plexhubtv                 V  [cplayer:v] Failed sending hook command auto_profiles/on_load. Removing hook.
2026-03-09 21:33:17.458 10442-11521 mpv                     com.chakir.plexhubtv                 V  [cplayer:v] Running hook: ytdl_hook/on_load
2026-03-09 21:33:17.458 10442-11521 mpv                     com.chakir.plexhubtv                 V  [cplayer:v] Running hook: ytdl_hook/on_load
2026-03-09 21:33:17.459 10442-11521 mpv                     com.chakir.plexhubtv                 V  [ytdl_hook:v] playlist hook
2026-03-09 21:33:17.459 10442-11521 mpv                     com.chakir.plexhubtv                 V  [cplayer:v] Set property: pause=false -> 1
2026-03-09 21:33:17.460 10442-10442 PlayerCont...$loadMedia com.chakir.plexhubtv                 D  PlayerController: No resume position available, starting at 0 (MPV)
2026-03-09 21:33:17.467 10442-10442 MpvPlayerWrapper        com.chakir.plexhubtv                 D  Setting Audio ID: 1
2026-03-09 21:33:17.477 10442-11521 mpv                     com.chakir.plexhubtv                 V  [cplayer:v] Set property: aid="1" -> 1
2026-03-09 21:33:17.478 10442-10442 PlayerCont...$loadMedia com.chakir.plexhubtv                 D  PlayerController: MPV audio track set to index 1 (Français)
2026-03-09 21:33:17.485 10442-11521 mpv                     com.chakir.plexhubtv                 V  [stream_callback:v] Opening https://192-168-0-175.73d044407d6741c8a17d97a88c22846e.plex.direct:32400/library/parts/91080/1721209722/file.mkv?X-Plex-Token=91E6EobKrRGyEzGCJkAi
2026-03-09 21:33:17.485 10442-10442 MpvPlayerWrapper        com.chakir.plexhubtv                 D  Setting Subtitle ID: no
2026-03-09 21:33:17.485 10442-11521 mpv                     com.chakir.plexhubtv                 V  [ffmpeg:v] Opening https://192-168-0-175.73d044407d6741c8a17d97a88c22846e.plex.direct:32400/library/parts/91080/1721209722/file.mkv?X-Plex-Token=91E6EobKrRGyEzGCJkAi
2026-03-09 21:33:17.490 10442-11521 mpv                     com.chakir.plexhubtv                 V  [cplayer:v] Set property: sid="no" -> 1
2026-03-09 21:33:17.492 10442-10442 MpvPlayerWrapper        com.chakir.plexhubtv                 D  MPV setPropertyString('sid', no) returned: kotlin.Unit
2026-03-09 21:33:17.492 10442-10442 PlayerCont...$loadMedia com.chakir.plexhubtv                 D  PlayerController: MPV subtitles disabled
2026-03-09 21:33:17.492 10442-10442 PerformanceTracker      com.chakir.plexhubtv                 I  ⏱️ [PERF][END][PLAYBACK] PlayerController.loadMedia → Stream Ready | TOTAL=303ms | ✅ SUCCESS
2026-03-09 21:33:17.492 10442-10442 PerformanceTracker      com.chakir.plexhubtv                 D  📊 [PERF][BREAKDOWN][PLAYBACK] ID=player_load_58930:
2026-03-09 21:33:17.492 10442-10442 PerformanceTracker      com.chakir.plexhubtv                 D     1. Settings Loaded (Parallel) @ 91ms (+91ms) {duration=91}
2026-03-09 21:33:17.494 10442-10442 PerformanceTracker      com.chakir.plexhubtv                 D     2. Media Detail Fetched @ 181ms (+90ms) {duration=89, success=true}
2026-03-09 21:33:17.495 10442-10442 PerformanceTracker      com.chakir.plexhubtv                 D     3. Media Loaded @ 182ms (+1ms) {title=Prends ton envol !, parts=1}
2026-03-09 21:33:17.499 10442-10442 PerformanceTracker      com.chakir.plexhubtv                 D     4. Tracks Populated @ 184ms (+2ms) {duration=0, audioTracks=3, subtitles=2}
2026-03-09 21:33:17.499 10442-10442 PerformanceTracker      com.chakir.plexhubtv                 D     5. Stream URL Built @ 254ms (+70ms) {duration=0, directPlay=true, bitrate=200000}
2026-03-09 21:33:17.503 10442-10442 PerformanceTracker      com.chakir.plexhubtv                 D     6. MPV Player Mode @ 255ms (+1ms) {}
2026-03-09 21:33:17.503 10442-10442 PerformanceTracker      com.chakir.plexhubtv                 D  📋 [PERF][META][PLAYBACK] ID=player_load_58930: {ratingKey=58930, serverId=8ce06cfd9a12c4cab3ec7206474a6338304b1801, engine=MPV, streamUrl=https://192-168-0-175.73d044407d6741c8a17d97a88c22846e.plex.direct:32400/library/parts/91080/1721209722/file.mkv?X-Plex-Token=91E6EobKrRGyEzGCJkAi}
2026-03-09 21:33:17.595 10442-11521 mpv                     com.chakir.plexhubtv                 V  [ffmpeg:v] Mime-type: 'video/x-matroska'
2026-03-09 21:33:17.595 10442-11521 mpv                     com.chakir.plexhubtv                 V  [demux:v] Trying demuxers for level=normal.
2026-03-09 21:33:17.865 10442-11521 mpv                     com.chakir.plexhubtv                 V  [mkv:v] Seeking to 313626899 to read header element 0x1c53bb6b.
2026-03-09 21:33:17.866 10442-11521 mpv                     com.chakir.plexhubtv                 V  [ffmpeg:v] stream level seek from 212992 to 313626899
2026-03-09 21:33:18.000 10442-11521 mpv                     com.chakir.plexhubtv                 V  [mkv:v] Parsing cues...
2026-03-09 21:33:18.001 10442-11521 mpv                     com.chakir.plexhubtv                 V  [mkv:v] Seeking to 313638700 to read header element 0x1254c367.
2026-03-09 21:33:18.001 10442-11521 mpv                     com.chakir.plexhubtv                 V  [ffmpeg:v] stream level seek from 313640758 to 210857
2026-03-09 21:33:18.051 10442-11521 mpv                     com.chakir.plexhubtv                 V  [mkv:v] All headers are parsed!
2026-03-09 21:33:18.086 10442-11521 mpv                     com.chakir.plexhubtv                 V  [demux:v] Detected file format: Matroska
2026-03-09 21:33:18.091 10442-11521 mpv                     com.chakir.plexhubtv                 V  [cplayer:v] Opening done: https://192-168-0-175.73d044407d6741c8a17d97a88c22846e.plex.direct:32400/library/parts/91080/1721209722/file.mkv?X-Plex-Token=91E6EobKrRGyEzGCJkAi
2026-03-09 21:33:18.100 10442-11521 mpv                     com.chakir.plexhubtv                 V  [cplayer:v] Running hook: auto_profiles/on_preloaded
2026-03-09 21:33:18.101 10442-11521 mpv                     com.chakir.plexhubtv                 V  [cplayer:v] Failed sending hook command auto_profiles/on_preloaded. Removing hook.
2026-03-09 21:33:18.102 10442-11521 mpv                     com.chakir.plexhubtv                 V  [cplayer:v] Running hook: ytdl_hook/on_preloaded
2026-03-09 21:33:18.102 10442-11521 mpv                     com.chakir.plexhubtv                 V  [mkv:v] select track 0
2026-03-09 21:33:18.102 10442-11521 mpv                     com.chakir.plexhubtv                 V  [mkv:v] select track 1
2026-03-09 21:33:18.102 10442-11521 mpv                     com.chakir.plexhubtv                 V  [cplayer:info] ● Video  --vid=1               (hevc 1920x1080 24 fps) [default]
2026-03-09 21:33:18.102 10442-11521 mpv                     com.chakir.plexhubtv                 V  [cplayer:info] ○ Image  --vid=2               'cover 1-14.jpg' (mjpeg)
2026-03-09 21:33:18.102 10442-11521 mpv                     com.chakir.plexhubtv                 V  [cplayer:info] ● Audio  --aid=1  --alang=fre  'VF Générique VO' (ac3 2ch 48000 Hz) [default forced]
2026-03-09 21:33:18.102 10442-11521 mpv                     com.chakir.plexhubtv                 V  [cplayer:info] ○ Audio  --aid=2  --alang=jpn  'VO' (ac3 2ch 48000 Hz)
2026-03-09 21:33:18.105 10442-11521 mpv                     com.chakir.plexhubtv                 V  [cplayer:info] ○ Audio  --aid=3  --alang=fre  'VF Générique Fr' (ac3 2ch 48000 Hz)
2026-03-09 21:33:18.106 10442-11521 mpv                     com.chakir.plexhubtv                 V  [cplayer:info] ○ Subs   --sid=1  --slang=fre  'Fr pour VO' (ass)
2026-03-09 21:33:18.140 10442-11521 mpv                     com.chakir.plexhubtv                 V  [vd:v] Container reported FPS: 24.000001
2026-03-09 21:33:18.141 10442-11521 mpv                     com.chakir.plexhubtv                 V  [vd:v] Codec list:
2026-03-09 21:33:18.141 10442-11521 mpv                     com.chakir.plexhubtv                 V  [vd:v]     hevc - HEVC (High Efficiency Video Coding)
2026-03-09 21:33:18.141 10442-11521 mpv                     com.chakir.plexhubtv                 V  [vd:v]     hevc_mediacodec (hevc) - H.265 Android MediaCodec decoder
2026-03-09 21:33:18.142 10442-11521 mpv                     com.chakir.plexhubtv                 V  [vd:v] Opening decoder hevc
2026-03-09 21:33:18.145 10442-11521 mpv                     com.chakir.plexhubtv                 V  [vd:v] Looking at hwdec hevc_mediacodec-mediacodec...
2026-03-09 21:33:18.149 10442-11521 mpv                     com.chakir.plexhubtv                 V  [vd:v] Trying hardware decoding via hevc_mediacodec-mediacodec.
2026-03-09 21:33:18.149 10442-11521 mpv                     com.chakir.plexhubtv                 V  [vd:v] Using underlying hw-decoder 'hevc_mediacodec'
2026-03-09 21:33:18.149 10442-11521 mpv                     com.chakir.plexhubtv                 V  [ffmpeg/video:error] hevc_mediacodec: vps_num_hrd_parameters -1 is invalid
2026-03-09 21:33:18.150 10442-11521 MpvPlayerWrapper        com.chakir.plexhubtv                 E  [ffmpeg/video] hevc_mediacodec: vps_num_hrd_parameters -1 is invalid
2026-03-09 21:33:18.150 10442-11521 mpv                     com.chakir.plexhubtv                 V  [ffmpeg/video:error] hevc_mediacodec: VPS 0 does not exist
2026-03-09 21:33:18.153 10442-11521 MpvPlayerWrapper        com.chakir.plexhubtv                 E  [ffmpeg/video] hevc_mediacodec: VPS 0 does not exist
2026-03-09 21:33:18.154 10442-11521 mpv                     com.chakir.plexhubtv                 V  [ffmpeg/video:error] hevc_mediacodec: SPS 0 does not exist.
2026-03-09 21:33:18.154 10442-11521 MpvPlayerWrapper        com.chakir.plexhubtv                 E  [ffmpeg/video] hevc_mediacodec: SPS 0 does not exist.
2026-03-09 21:33:18.154 10442-11521 mpv                     com.chakir.plexhubtv                 V  [vd:v] Pixel formats supported by decoder: mediacodec
2026-03-09 21:33:18.154 10442-11521 mpv                     com.chakir.plexhubtv                 V  [vd:v] Codec profile: unknown (0xffffff9d)
2026-03-09 21:33:18.154 10442-11521 mpv                     com.chakir.plexhubtv                 V  [vd:v] Requesting pixfmt 'mediacodec' from decoder.
2026-03-09 21:33:18.154 10442-11521 mpv                     com.chakir.plexhubtv                 V  [ffmpeg/video:v] hevc_mediacodec: Using surface 0xb4d0b540
2026-03-09 21:33:18.154 10442-11521 mpv                     com.chakir.plexhubtv                 V  [ffmpeg/video:warn] hevc_mediacodec: Unsupported or unknown profile
2026-03-09 21:33:18.154 10442-11521 mpv                     com.chakir.plexhubtv                 V  [ffmpeg/video:error] hevc_mediacodec: MediaCodec 0x0 failed to start
2026-03-09 21:33:18.154 10442-11521 MpvPlayerWrapper        com.chakir.plexhubtv                 E  [ffmpeg/video] hevc_mediacodec: MediaCodec 0x0 failed to start
2026-03-09 21:33:18.154 10442-11521 mpv                     com.chakir.plexhubtv                 V  [vd:error] Could not open codec.
2026-03-09 21:33:18.161 10442-11521 MpvPlayerWrapper        com.chakir.plexhubtv                 E  [vd] Could not open codec.
2026-03-09 21:33:18.161 10442-11521 mpv                     com.chakir.plexhubtv                 V  [vd:v] Attempting next decoding method after failure of hevc_mediacodec-mediacodec.
2026-03-09 21:33:18.161 10442-11521 mpv                     com.chakir.plexhubtv                 V  [vd:v] Using software decoding.
2026-03-09 21:33:18.161 10442-11521 mpv                     com.chakir.plexhubtv                 V  [vd:v] Detected 6 logical cores.
2026-03-09 21:33:18.161 10442-11521 mpv                     com.chakir.plexhubtv                 V  [vd:v] Requesting 7 threads for decoding.
2026-03-09 21:33:18.161 10442-11521 mpv                     com.chakir.plexhubtv                 V  [ffmpeg/video:error] hevc: vps_num_hrd_parameters -1 is invalid
2026-03-09 21:33:18.161 10442-11521 MpvPlayerWrapper        com.chakir.plexhubtv                 E  [ffmpeg/video] hevc: vps_num_hrd_parameters -1 is invalid
2026-03-09 21:33:18.161 10442-11521 mpv                     com.chakir.plexhubtv                 V  [ffmpeg/video:error] hevc: VPS 0 does not exist
2026-03-09 21:33:18.165 10442-11521 MpvPlayerWrapper        com.chakir.plexhubtv                 E  [ffmpeg/video] hevc: VPS 0 does not exist
2026-03-09 21:33:18.165 10442-11521 mpv                     com.chakir.plexhubtv                 V  [ffmpeg/video:error] hevc: SPS 0 does not exist.
2026-03-09 21:33:18.165 10442-11521 MpvPlayerWrapper        com.chakir.plexhubtv                 E  [ffmpeg/video] hevc: SPS 0 does not exist.
2026-03-09 21:33:18.186 10442-11521 mpv                     com.chakir.plexhubtv                 V  [vd:v] Selected decoder: hevc - HEVC (High Efficiency Video Coding)
2026-03-09 21:33:18.186 10442-11521 mpv                     com.chakir.plexhubtv                 V  [vf:v] User filter list:
2026-03-09 21:33:18.186 10442-11521 mpv                     com.chakir.plexhubtv                 V  [vf:v]   (empty)
2026-03-09 21:33:18.186 10442-11521 mpv                     com.chakir.plexhubtv                 V  event: audio-reconfig
2026-03-09 21:33:18.202 10442-11521 mpv                     com.chakir.plexhubtv                 V  event: audio-reconfig
2026-03-09 21:33:18.203 10442-11521 mpv                     com.chakir.plexhubtv                 V  event: file-loaded
2026-03-09 21:33:18.204 10442-11521 mpv                     com.chakir.plexhubtv                 V  [ad:v] Codec list:
2026-03-09 21:33:18.204 10442-11521 mpv                     com.chakir.plexhubtv                 V  [ad:v]     ac3 - ATSC A/52A (AC-3)
2026-03-09 21:33:18.204 10442-11521 mpv                     com.chakir.plexhubtv                 V  [ad:v]     ac3_fixed (ac3) - ATSC A/52A (AC-3)
2026-03-09 21:33:18.204 10442-11521 mpv                     com.chakir.plexhubtv                 V  [ad:v] Opening decoder ac3
2026-03-09 21:33:18.205 10442-11521 mpv                     com.chakir.plexhubtv                 V  [ad:v] Requesting 1 threads for decoding.
2026-03-09 21:33:18.205 10442-11521 mpv                     com.chakir.plexhubtv                 V  [ad:v] Selected decoder: ac3 - ATSC A/52A (AC-3)
2026-03-09 21:33:18.205 10442-11521 mpv                     com.chakir.plexhubtv                 V  [af:v] User filter list:
2026-03-09 21:33:18.205 10442-11521 mpv                     com.chakir.plexhubtv                 V  [af:v]   (empty)
2026-03-09 21:33:18.205 10442-11521 mpv                     com.chakir.plexhubtv                 V  [cplayer:v] Starting playback...
2026-03-09 21:33:18.214 10442-11521 mpv                     com.chakir.plexhubtv                 V  [vd:v] DR failed - disabling.
2026-03-09 21:33:18.266 10442-11521 mpv                     com.chakir.plexhubtv                 V  [vd:v] Using software decoding.
2026-03-09 21:33:18.268 10442-11521 mpv                     com.chakir.plexhubtv                 V  [vd:v] Decoder format: 1920x1080 yuv420p auto/auto/auto/limited/auto CL=mpeg2/4/h264 crop=1920x1080+0+0
2026-03-09 21:33:18.268 10442-11521 mpv                     com.chakir.plexhubtv                 V  [vd:v] Using container aspect ratio.
2026-03-09 21:33:18.268 10442-11521 mpv                     com.chakir.plexhubtv                 V  [vf:v] [in] 1920x1080 yuv420p bt.709/bt.709/bt.1886/limited/display CL=mpeg2/4/h264 crop=1920x1080+0+0
2026-03-09 21:33:18.268 10442-11521 mpv                     com.chakir.plexhubtv                 V  [vf:v] [userdeint] 1920x1080 yuv420p bt.709/bt.709/bt.1886/limited/display CL=mpeg2/4/h264 crop=1920x1080+0+0
2026-03-09 21:33:18.268 10442-11521 mpv                     com.chakir.plexhubtv                 V  [vf:v] [userdeint] (disabled)
2026-03-09 21:33:18.268 10442-11521 mpv                     com.chakir.plexhubtv                 V  [vf:v] [autorotate] 1920x1080 yuv420p bt.709/bt.709/bt.1886/limited/display CL=mpeg2/4/h264 crop=1920x1080+0+0
2026-03-09 21:33:18.268 10442-11521 mpv                     com.chakir.plexhubtv                 V  [vf:v] [autorotate] (disabled)
2026-03-09 21:33:18.268 10442-11521 mpv                     com.chakir.plexhubtv                 V  [vf:v] [convert] 1920x1080 yuv420p bt.709/bt.709/bt.1886/limited/display CL=mpeg2/4/h264 crop=1920x1080+0+0
2026-03-09 21:33:18.268 10442-11521 mpv                     com.chakir.plexhubtv                 V  [hwupload:v] hwdec 'mediacodec_embed' does not report hwframe constraints. Using static metadata.
2026-03-09 21:33:18.268 10442-11521 mpv                     com.chakir.plexhubtv                 V  [hwupload:info] hardware format not supported
2026-03-09 21:33:18.268 10442-11521 mpv                     com.chakir.plexhubtv                 V  [autoconvert:error] Failed to create HW uploader for format yuv420p
2026-03-09 21:33:18.268 10442-11521 MpvPlayerWrapper        com.chakir.plexhubtv                 E  [autoconvert] Failed to create HW uploader for format yuv420p
2026-03-09 21:33:18.268 10442-11521 mpv                     com.chakir.plexhubtv                 V  [autoconvert:error] can't find video conversion for yuv420p
2026-03-09 21:33:18.268 10442-11521 MpvPlayerWrapper        com.chakir.plexhubtv                 E  [autoconvert] can't find video conversion for yuv420p
2026-03-09 21:33:18.268 10442-11521 mpv                     com.chakir.plexhubtv                 V  [vf:fatal] Cannot convert decoder/filter output to any format supported by the output.
2026-03-09 21:33:18.268 10442-11521 MpvPlayerWrapper        com.chakir.plexhubtv                 E  [vf] Cannot convert decoder/filter output to any format supported by the output.
2026-03-09 21:33:18.271 10442-11521 mpv                     com.chakir.plexhubtv                 V  [vf:v] filter output EOF
2026-03-09 21:33:18.271 10442-11521 mpv                     com.chakir.plexhubtv                 V  [af:v] [in] 48000Hz stereo 2ch floatp
2026-03-09 21:33:18.273 10442-11521 mpv                     com.chakir.plexhubtv                 V  [af:v] [userspeed] 48000Hz stereo 2ch floatp
2026-03-09 21:33:18.274 10442-11521 mpv                     com.chakir.plexhubtv                 V  [af:v] [userspeed] (disabled)
2026-03-09 21:33:18.274 10442-11521 mpv                     com.chakir.plexhubtv                 V  [af:v] [convert] 48000Hz stereo 2ch floatp
2026-03-09 21:33:18.274 10442-11521 mpv                     com.chakir.plexhubtv                 V  [cplayer:fatal] Could not initialize video chain.
2026-03-09 21:33:18.275 10442-11521 MpvPlayerWrapper        com.chakir.plexhubtv                 E  [cplayer] Could not initialize video chain.
2026-03-09 21:33:18.309 10442-11521 mpv                     com.chakir.plexhubtv                 V  event: video-reconfig
2026-03-09 21:33:18.310 10442-11521 mpv                     com.chakir.plexhubtv                 V  [autoconvert:v] dropping frame due to pin disconnect
2026-03-09 21:33:18.313 10442-11521 mpv                     com.chakir.plexhubtv                 V  event: video-reconfig
2026-03-09 21:33:18.322 10442-11521 mpv                     com.chakir.plexhubtv                 V  [mkv:v] deselect track 0
2026-03-09 21:33:18.325 10442-11521 mpv                     com.chakir.plexhubtv                 V  [cplayer:info] Video: no video
2026-03-09 21:33:18.326 10442-11521 mpv                     com.chakir.plexhubtv                 V  [ao:v] Trying audio driver 'audiotrack'
2026-03-09 21:33:18.326 10442-11521 mpv                     com.chakir.plexhubtv                 V  [ao/audiotrack:v] requested format: 48000 Hz, stereo channels, floatp
2026-03-09 21:33:18.326 10442-11521 mpv                     com.chakir.plexhubtv                 V  [ao/audiotrack:v] AudioTrack.nativeOutputSampleRate = 48000
2026-03-09 21:33:18.326 10442-11521 mpv                     com.chakir.plexhubtv                 V  [ao/audiotrack:v] Channel layouts:
2026-03-09 21:33:18.326 10442-11521 mpv                     com.chakir.plexhubtv                 V  [ao/audiotrack:v]  - mono
2026-03-09 21:33:18.326 10442-11521 mpv                     com.chakir.plexhubtv                 V  [ao/audiotrack:v]  - stereo
2026-03-09 21:33:18.332 10442-11521 mpv                     com.chakir.plexhubtv                 V  [ao/audiotrack:v]  - 3.0
2026-03-09 21:33:18.333 10442-11521 mpv                     com.chakir.plexhubtv                 V  [ao/audiotrack:v]  - quad
2026-03-09 21:33:18.334 10442-11521 mpv                     com.chakir.plexhubtv                 V  [ao/audiotrack:v]  - 5.0
2026-03-09 21:33:18.335 10442-11521 mpv                     com.chakir.plexhubtv                 V  [ao/audiotrack:v]  - 5.1
2026-03-09 21:33:18.336 10442-11521 mpv                     com.chakir.plexhubtv                 V  [ao/audiotrack:v]  - 6.1(back)
2026-03-09 21:33:18.336 10442-11521 mpv                     com.chakir.plexhubtv                 V  [ao/audiotrack:v]  - 7.1
2026-03-09 21:33:18.336 10442-11521 mpv                     com.chakir.plexhubtv                 V  [ao/audiotrack:v] result: stereo
2026-03-09 21:33:18.339 10442-11521 mpv                     com.chakir.plexhubtv                 V  [ao/audiotrack:v] Setting bufferSize = 36928 (driver=18464, min=28800, max=57600)
2026-03-09 21:33:18.339 10442-11521 mpv                     com.chakir.plexhubtv                 V  [ao/audiotrack:v] Using NIO ByteBuffer
2026-03-09 21:33:18.339 10442-11521 mpv                     com.chakir.plexhubtv                 V  [ao/audiotrack:v] Using API21 initializer
2026-03-09 21:33:18.372 10442-11521 mpv                     com.chakir.plexhubtv                 V  [ao/audiotrack:v] AudioTrack.getBufferSizeInFrames = 4616
2026-03-09 21:33:18.372 10442-11521 mpv                     com.chakir.plexhubtv                 V  event: audio-reconfig
2026-03-09 21:33:18.372 10442-11521 mpv                     com.chakir.plexhubtv                 V  [ao/audiotrack:v] device buffer: 4616 samples.
2026-03-09 21:33:18.372 10442-11521 mpv                     com.chakir.plexhubtv                 V  [ao/audiotrack:v] using soft-buffer of 9600 samples.
2026-03-09 21:33:18.372 10442-11521 mpv                     com.chakir.plexhubtv                 V  [cplayer:info] AO: [audiotrack] 48000Hz stereo 2ch float
2026-03-09 21:33:18.373 10442-11521 mpv                     com.chakir.plexhubtv                 V  [cplayer:v] AO: Description: Android AudioTrack audio output
2026-03-09 21:33:18.384 10442-11521 mpv                     com.chakir.plexhubtv                 V  [autoconvert:v] inserting resampler
2026-03-09 21:33:18.385 10442-11521 mpv                     com.chakir.plexhubtv                 V  [swresample:v] format change, reinitializing resampler
2026-03-09 21:33:18.389 10442-11521 mpv                     com.chakir.plexhubtv                 V  [swresample:v] 48000Hz stereo floatp -> 48000Hz stereo float
2026-03-09 21:33:18.389 10442-11521 mpv                     com.chakir.plexhubtv                 V  [af:v] [out] 48000Hz stereo 2ch float
2026-03-09 21:33:18.403 10442-11521 mpv                     com.chakir.plexhubtv                 V  [cplayer:v] audio ready
2026-03-09 21:33:18.404 10442-11521 mpv                     com.chakir.plexhubtv                 V  [cplayer:v] starting audio playback
2026-03-09 21:33:18.410 10442-11521 mpv                     com.chakir.plexhubtv                 V  event: playback-restart
2026-03-09 21:33:18.416 10442-11521 mpv                     com.chakir.plexhubtv                 V  [cplayer:v] playback restart complete @ 0.000000, audio=playing, video=eof
2026-03-09 21:33:19.541 10442-11502 SearchRepositoryImpl    com.chakir.plexhubtv                 D  Search cancelled on domi’s Mac mini (user typing)
2026-03-09 21:33:19.545 10442-11502 PerformanceTracker      com.chakir.plexhubtv                 D  🔹 [PERF][CHECKPOINT][ENRICHMENT] Tree Traversal: Show not found on domi’s Mac mini | ID=enrich_58931 | meta={searched=Captain Tsubasa, candidates=}
2026-03-09 21:33:19.546 10442-11502 EnrichMediaItemUseCase  com.chakir.plexhubtv                 D  Enrich: Tree traversal miss on domi’s Mac mini — searched 'Captain Tsubasa', found: 
2026-03-09 21:33:19.547 10442-11502 PerformanceTracker      com.chakir.plexhubtv                 D  🔹 [PERF][CHECKPOINT][ENRICHMENT] Network Fallback Complete | ID=enrich_58931 | meta={totalDuration=10127, totalMatches=2}
2026-03-09 21:33:19.547 10442-10442 PerformanceTracker      com.chakir.plexhubtv                 I  ⏱️ [PERF][END][ENRICHMENT] Enrich Media for Multi-Server Sources | TOTAL=10526ms | ✅ SUCCESS
2026-03-09 21:33:19.549 10442-10442 PerformanceTracker      com.chakir.plexhubtv                 D  📊 [PERF][BREAKDOWN][ENRICHMENT] ID=enrich_58931:
2026-03-09 21:33:19.552 10442-10442 PerformanceTracker      com.chakir.plexhubtv                 D     1. Server List Loaded @ 289ms (+289ms) {total=14, plex=14}
2026-03-09 21:33:19.552 10442-10442 PerformanceTracker      com.chakir.plexhubtv                 D     2. Room Query (Miss) @ 395ms (+106ms) {duration=106}
2026-03-09 21:33:19.552 10442-10442 PerformanceTracker      com.chakir.plexhubtv                 D     3. Network Fallback Started @ 395ms (+0ms) {}
2026-03-09 21:33:19.552 10442-10442 PerformanceTracker      com.chakir.plexhubtv                 D     4. Tree Traversal: Show not found on aubeplex - Apple M4 @ 434ms (+39ms) {searched=Captain Tsubasa, candidates=}
2026-03-09 21:33:19.552 10442-10442 PerformanceTracker      com.chakir.plexhubtv                 D     5. Tree Traversal: Show not found on Mestate @ 441ms (+7ms) {searched=Captain Tsubasa, candidates=}
2026-03-09 21:33:19.553 10442-10442 PerformanceTracker      com.chakir.plexhubtv                 D     6. Tree Traversal: Show not found on optiPLEX @ 443ms (+2ms) {searched=Captain Tsubasa, candidates=}
2026-03-09 21:33:19.553 10442-10442 PerformanceTracker      com.chakir.plexhubtv                 D     7. Tree Traversal: Show not found on kerty-server @ 459ms (+16ms) {searched=Captain Tsubasa, candidates=}
2026-03-09 21:33:19.553 10442-10442 PerformanceTracker      com.chakir.plexhubtv                 D     8. Tree Traversal: Show not found on DS423plus @ 466ms (+7ms) {searched=Captain Tsubasa, candidates=}
2026-03-09 21:33:19.553 10442-10442 PerformanceTracker      com.chakir.plexhubtv                 D     9. Tree Traversal: Show not found on PLEX-Larod @ 472ms (+6ms) {searched=Captain Tsubasa, candidates=}
2026-03-09 21:33:19.553 10442-10442 PerformanceTracker      com.chakir.plexhubtv                 D     10. Tree Traversal: Show not found on TheMediaCenter @ 491ms (+19ms) {searched=Captain Tsubasa, candidates=}
2026-03-09 21:33:19.556 10442-10442 PerformanceTracker      com.chakir.plexhubtv                 D     11. Tree Traversal: Show not found on NASZKP @ 496ms (+5ms) {searched=Captain Tsubasa, candidates='Olive et Tom - Captain Tsubasa Le Retour'}
2026-03-09 21:33:19.556 10442-10442 PerformanceTracker      com.chakir.plexhubtv                 D     12. Tree Traversal: Show not found on AnaNAS2.0 @ 499ms (+3ms) {searched=Captain Tsubasa, candidates=}
2026-03-09 21:33:19.556 10442-10442 PerformanceTracker      com.chakir.plexhubtv                 D     13. Tree Traversal: Show not found on PlexStation @ 511ms (+12ms) {searched=Captain Tsubasa, candidates=}
2026-03-09 21:33:19.556 10442-10442 PerformanceTracker      com.chakir.plexhubtv                 D     14. Tree Traversal Match: Swafflix @ 1286ms (+775ms) {episode=Il vole !}
2026-03-09 21:33:19.556 10442-10442 PerformanceTracker      com.chakir.plexhubtv                 D     15. Room-Show Shortcut: Swafflix @ 1290ms (+4ms) {showRk=216513}
2026-03-09 21:33:19.558 10442-10442 PerformanceTracker      com.chakir.plexhubtv                 D     16. Tree Traversal Match: TACOS @ 1391ms (+101ms) {episode=Il vole !}
2026-03-09 21:33:19.558 10442-10442 PerformanceTracker      com.chakir.plexhubtv                 D     17. Room-Show Shortcut: TACOS @ 1391ms (+0ms) {showRk=38066}
2026-03-09 21:33:19.558 10442-10442 PerformanceTracker      com.chakir.plexhubtv                 D     18. Tree Traversal: Show not found on domi’s Mac mini @ 10524ms (+9133ms) {searched=Captain Tsubasa, candidates=}
2026-03-09 21:33:19.558 10442-10442 PerformanceTracker      com.chakir.plexhubtv                 D     19. Network Fallback Complete @ 10526ms (+2ms) {totalDuration=10127, totalMatches=2}
2026-03-09 21:33:19.558 10442-10442 PerformanceTracker      com.chakir.plexhubtv                 D  📋 [PERF][META][ENRICHMENT] ID=enrich_58931: {title=Il vole !, type=Episode, ratingKey=58931, cacheHit=false, sources=3}
2026-03-09 21:33:19.559 10442-10442 PerformanceTracker      com.chakir.plexhubtv                 D  ⏱️ [PERF][START][ENRICHMENT] Enrich Media for Multi-Server Sources | ID=enrich_58932 | meta={title=Le Renouveau du club de foot de Nankatsu, type=Episode, ratingKey=58932}
2026-03-09 21:33:19.603 10442-10442 PerformanceTracker      com.chakir.plexhubtv                 D  🔹 [PERF][CHECKPOINT][ENRICHMENT] Server List Loaded | ID=enrich_58932 | meta={total=14, plex=14}
2026-03-09 21:33:19.621 10442-10442 PerformanceTracker      com.chakir.plexhubtv                 D  🔹 [PERF][CHECKPOINT][ENRICHMENT] Room Query (Miss) | ID=enrich_58932 | meta={duration=14}
2026-03-09 21:33:19.621 10442-10442 PerformanceTracker      com.chakir.plexhubtv                 D  🔹 [PERF][CHECKPOINT][ENRICHMENT] Network Fallback Started | ID=enrich_58932 | meta={}
2026-03-09 21:33:19.621 10442-10442 EnrichMediaItemUseCase  com.chakir.plexhubtv                 D  Enrich: Network fallback for 'Le Renouveau du club de foot de Nankatsu' (unificationId=imdb://tt8343136)
2026-03-09 21:33:19.689 10442-11360 SearchRepositoryImpl    com.chakir.plexhubtv                 D  Search cache hit for 'Captain Tsubasa' on optiPLEX
2026-03-09 21:33:19.690 10442-11360 PerformanceTracker      com.chakir.plexhubtv                 D  🔹 [PERF][CHECKPOINT][ENRICHMENT] Tree Traversal: Show not found on optiPLEX | ID=enrich_58932 | meta={searched=Captain Tsubasa, candidates=}
2026-03-09 21:33:19.690 10442-11360 EnrichMediaItemUseCase  com.chakir.plexhubtv                 D  Enrich: Tree traversal miss on optiPLEX — searched 'Captain Tsubasa', found: 
2026-03-09 21:33:19.719 10442-11427 SearchRepositoryImpl    com.chakir.plexhubtv                 D  Search cache hit for 'Captain Tsubasa' on aubeplex - Apple M4
2026-03-09 21:33:19.726 10442-11427 PerformanceTracker      com.chakir.plexhubtv                 D  🔹 [PERF][CHECKPOINT][ENRICHMENT] Tree Traversal: Show not found on aubeplex - Apple M4 | ID=enrich_58932 | meta={searched=Captain Tsubasa, candidates=}
2026-03-09 21:33:19.730 10442-11427 EnrichMediaItemUseCase  com.chakir.plexhubtv                 D  Enrich: Tree traversal miss on aubeplex - Apple M4 — searched 'Captain Tsubasa', found: 
2026-03-09 21:33:19.759 10442-11427 SearchRepositoryImpl    com.chakir.plexhubtv                 D  Search cache hit for 'Captain Tsubasa' on kerty-server
2026-03-09 21:33:19.764 10442-11280 SearchRepositoryImpl    com.chakir.plexhubtv                 D  Search cache hit for 'Captain Tsubasa' on Mestate
2026-03-09 21:33:19.764 10442-11427 PerformanceTracker      com.chakir.plexhubtv                 D  🔹 [PERF][CHECKPOINT][ENRICHMENT] Tree Traversal: Show not found on kerty-server | ID=enrich_58932 | meta={searched=Captain Tsubasa, candidates=}
2026-03-09 21:33:19.764 10442-11415 SearchRepositoryImpl    com.chakir.plexhubtv                 D  Search cache hit for 'Captain Tsubasa' on PlexStation
2026-03-09 21:33:19.764 10442-11427 EnrichMediaItemUseCase  com.chakir.plexhubtv                 D  Enrich: Tree traversal miss on kerty-server — searched 'Captain Tsubasa', found: 
2026-03-09 21:33:19.764 10442-11280 PerformanceTracker      com.chakir.plexhubtv                 D  🔹 [PERF][CHECKPOINT][ENRICHMENT] Tree Traversal: Show not found on Mestate | ID=enrich_58932 | meta={searched=Captain Tsubasa, candidates=}
2026-03-09 21:33:19.765 10442-11415 PerformanceTracker      com.chakir.plexhubtv                 D  🔹 [PERF][CHECKPOINT][ENRICHMENT] Tree Traversal: Show not found on PlexStation | ID=enrich_58932 | meta={searched=Captain Tsubasa, candidates=}
2026-03-09 21:33:19.765 10442-11415 EnrichMediaItemUseCase  com.chakir.plexhubtv                 D  Enrich: Tree traversal miss on PlexStation — searched 'Captain Tsubasa', found: 
2026-03-09 21:33:19.766 10442-11438 SearchRepositoryImpl    com.chakir.plexhubtv                 D  Search cache hit for 'Captain Tsubasa' on DS423plus
2026-03-09 21:33:19.771 10442-11280 EnrichMediaItemUseCase  com.chakir.plexhubtv                 D  Enrich: Tree traversal miss on Mestate — searched 'Captain Tsubasa', found: 
2026-03-09 21:33:19.771 10442-11438 PerformanceTracker      com.chakir.plexhubtv                 D  🔹 [PERF][CHECKPOINT][ENRICHMENT] Tree Traversal: Show not found on DS423plus | ID=enrich_58932 | meta={searched=Captain Tsubasa, candidates=}
2026-03-09 21:33:19.771 10442-11415 SearchRepositoryImpl    com.chakir.plexhubtv                 D  Search cache hit for 'Captain Tsubasa' on PLEX-Larod
2026-03-09 21:33:19.771 10442-11438 EnrichMediaItemUseCase  com.chakir.plexhubtv                 D  Enrich: Tree traversal miss on DS423plus — searched 'Captain Tsubasa', found: 
2026-03-09 21:33:19.771 10442-11415 PerformanceTracker      com.chakir.plexhubtv                 D  🔹 [PERF][CHECKPOINT][ENRICHMENT] Tree Traversal: Show not found on PLEX-Larod | ID=enrich_58932 | meta={searched=Captain Tsubasa, candidates=}
2026-03-09 21:33:19.771 10442-11415 EnrichMediaItemUseCase  com.chakir.plexhubtv                 D  Enrich: Tree traversal miss on PLEX-Larod — searched 'Captain Tsubasa', found: 
2026-03-09 21:33:19.785 10442-11427 SearchRepositoryImpl    com.chakir.plexhubtv                 D  Search cache hit for 'Captain Tsubasa' on NASZKP
2026-03-09 21:33:19.785 10442-11360 SearchRepositoryImpl    com.chakir.plexhubtv                 D  Search cache hit for 'Captain Tsubasa' on TheMediaCenter
2026-03-09 21:33:19.796 10442-11427 PerformanceTracker      com.chakir.plexhubtv                 D  🔹 [PERF][CHECKPOINT][ENRICHMENT] Tree Traversal: Show not found on NASZKP | ID=enrich_58932 | meta={searched=Captain Tsubasa, candidates='Olive et Tom - Captain Tsubasa Le Retour'}
2026-03-09 21:33:19.796 10442-11502 SearchRepositoryImpl    com.chakir.plexhubtv                 D  Search cache hit for 'Captain Tsubasa' on AnaNAS2.0
2026-03-09 21:33:19.796 10442-11427 EnrichMediaItemUseCase  com.chakir.plexhubtv                 D  Enrich: Tree traversal miss on NASZKP — searched 'Captain Tsubasa', found: 'Olive et Tom - Captain Tsubasa Le Retour'
2026-03-09 21:33:19.796 10442-11502 PerformanceTracker      com.chakir.plexhubtv                 D  🔹 [PERF][CHECKPOINT][ENRICHMENT] Tree Traversal: Show not found on AnaNAS2.0 | ID=enrich_58932 | meta={searched=Captain Tsubasa, candidates=}
2026-03-09 21:33:19.796 10442-11502 EnrichMediaItemUseCase  com.chakir.plexhubtv                 D  Enrich: Tree traversal miss on AnaNAS2.0 — searched 'Captain Tsubasa', found: 
2026-03-09 21:33:19.796 10442-11360 PerformanceTracker      com.chakir.plexhubtv                 D  🔹 [PERF][CHECKPOINT][ENRICHMENT] Tree Traversal: Show not found on TheMediaCenter | ID=enrich_58932 | meta={searched=Captain Tsubasa, candidates=}
2026-03-09 21:33:19.804 10442-11360 EnrichMediaItemUseCase  com.chakir.plexhubtv                 D  Enrich: Tree traversal miss on TheMediaCenter — searched 'Captain Tsubasa', found: 
2026-03-09 21:33:20.047 10442-11502 PlexSource...ll$default com.chakir.plexhubtv                 D  Cached 1 Plex episodes to Room for 38066
2026-03-09 21:33:20.394 10442-11502 PlexSource...ll$default com.chakir.plexhubtv                 D  Cached 2 Plex episodes to Room for 216513
2026-03-09 21:33:20.677 10442-10454 hakir.plexhubt          com.chakir.plexhubtv                 I  Background concurrent copying GC freed 91745(5MB) AllocSpace objects, 13(1256KB) LOS objects, 19% free, 25MB/31MB, paused 2.229ms total 191.251ms
2026-03-09 21:33:20.890 10442-11502 PlexSource...ll$default com.chakir.plexhubtv                 D  Cached 52 Plex episodes to Room for 38067
2026-03-09 21:33:21.062 10442-11502 PlexSource...ll$default com.chakir.plexhubtv                 D  Cached 52 Plex episodes to Room for 216514
2026-03-09 21:33:21.122 10442-11360 PerformanceTracker      com.chakir.plexhubtv                 D  🔹 [PERF][CHECKPOINT][ENRICHMENT] Tree Traversal Match: TACOS | ID=enrich_58932 | meta={episode=Le Renouveau du club de foot de Nankatsu}
2026-03-09 21:33:21.124 10442-11360 PerformanceTracker      com.chakir.plexhubtv                 D  🔹 [PERF][CHECKPOINT][ENRICHMENT] Room-Show Shortcut: TACOS | ID=enrich_58932 | meta={showRk=38066}
2026-03-09 21:33:21.422 10442-11502 PerformanceTracker      com.chakir.plexhubtv                 D  🔹 [PERF][CHECKPOINT][ENRICHMENT] Tree Traversal Match: Swafflix | ID=enrich_58932 | meta={episode=Le Renouveau du club de foot de Nankatsu}
2026-03-09 21:33:21.422 10442-11502 PerformanceTracker      com.chakir.plexhubtv                 D  🔹 [PERF][CHECKPOINT][ENRICHMENT] Room-Show Shortcut: Swafflix | ID=enrich_58932 | meta={showRk=216513}
2026-03-09 21:33:24.906 10442-10447 hakir.plexhubt          com.chakir.plexhubtv                 I  JIT allocated 81KB for stack maps of void com.chakir.plexhubtv.feature.player.ui.components.EnhancedSeekBarKt.EnhancedSeekBar-88mDfTA(long, long, java.util.List, java.util.List, kotlin.jvm.functions.Function1, androidx.compose.ui.Modifier, boolean, long, androidx.compose.runtime.Composer, int, int)
