trace complete du scenario: 
analise tout le scenario.
j'ouvre la serie , je vais sur la saison 1 j'ouvre la saison 1. je selectionne l'episode 1 la popup de choix s'ouvre je selectione le serveur VM NAS , l'episode se lance puie j'appuie sur next episode .
trace:
2026-03-09 21:32:52.499 10442-10442 LibraryViewModel        com.chakir.plexhubtv                 D  ACTION [Library] Action=OpenMedia
2026-03-09 21:32:52.526 10442-10442 MediaDetailViewModel    com.chakir.plexhubtv                 D  SCREEN [Detail]: Loading start for 58888 on 8ce06cfd9a12c4cab3ec7206474a6338304b1801
2026-03-09 21:32:52.660 10442-11250 PlexSource...ll$default com.chakir.plexhubtv                 D  Cached 2 Plex episodes to Room for 58888
2026-03-09 21:32:52.782 10442-10442 MediaDetai...nchLoading com.chakir.plexhubtv                 I  SCREEN [Detail] SUCCESS: Load Duration=256ms | Title=Captain Tsubasa | Seasons=2
2026-03-09 21:32:52.784 10442-10442 PerformanceTracker      com.chakir.plexhubtv                 D  ⏱️ [PERF][START][ENRICHMENT] Enrich Media for Multi-Server Sources | ID=enrich_58888 | meta={title=Captain Tsubasa, type=Show, ratingKey=58888}
2026-03-09 21:32:52.795 10442-10442 PerformanceTracker      com.chakir.plexhubtv                 D  ⏱️ [PERF][START][IMAGE_LOAD] Coil Image Load | ID=image_load_-yw6ean | meta={url=https://192-168-0-175.73d044407d6741c8a17d97a88c22846e.plex.direct:32400/photo/:/transcode?width=1280&height=720&minSize=1&upscale=1&url=%2Flibrary%2Fmetadata%2F58888%2Fart%2F1773050072&X-Plex-Token=91E6EobKrRGyEzGCJkAi, size=RealSizeResolver(size=Size(width=Pixels(px=1920), height=Pixels(px=1080))), memoryCachePolicy=ENABLED, diskCachePolicy=ENABLED}
2026-03-09 21:32:52.826 10442-11440 MediaDetai...nlined$map com.chakir.plexhubtv                 D  Collections: Found 3 collections in DB for 58888
2026-03-09 21:32:52.983 10442-10442 MediaDetai...Collection com.chakir.plexhubtv                 D  VM: Got 3 collection(s) from primary server (3 before filter)
2026-03-09 21:32:53.008 10442-10442 MediaDetai...iedSeasons com.chakir.plexhubtv                 I  VM: Loaded 0 unified seasons in 225ms
2026-03-09 21:32:53.079 10442-10442 PerformanceTracker      com.chakir.plexhubtv                 D  🔹 [PERF][CHECKPOINT][ENRICHMENT] Server List Loaded | ID=enrich_58888 | meta={total=14, plex=14}
2026-03-09 21:32:53.260 10442-10442 PerformanceTracker      com.chakir.plexhubtv                 D  🔹 [PERF][CHECKPOINT][ENRICHMENT] Room Query (Hit) | ID=enrich_58888 | meta={duration=159, matches=2}
2026-03-09 21:32:53.260 10442-10442 EnrichMediaItemUseCase  com.chakir.plexhubtv                 D  Enrich: Room-first found 2 remote source(s) for 'Captain Tsubasa'
2026-03-09 21:32:53.422 10442-10442 MediaDetai...milarItems com.chakir.plexhubtv                 D  VM: Loaded 1 similar items for 58888 (6 before filter)
2026-03-09 21:32:53.443 10442-10454 hakir.plexhubt          com.chakir.plexhubtv                 I  Background concurrent copying GC freed 101385(5MB) AllocSpace objects, 7(444KB) LOS objects, 17% free, 28MB/34MB, paused 3.113ms total 301.179ms
2026-03-09 21:32:53.449 10442-10442 PerformanceTracker      com.chakir.plexhubtv                 I  ⏱️ [PERF][END][IMAGE_LOAD] Coil Image Load | TOTAL=653ms | ✅ SUCCESS
2026-03-09 21:32:53.449 10442-10442 PerformanceTracker      com.chakir.plexhubtv                 D  📋 [PERF][META][IMAGE_LOAD] ID=image_load_-yw6ean: {url=https://192-168-0-175.73d044407d6741c8a17d97a88c22846e.plex.direct:32400/photo/:/transcode?width=1280&height=720&minSize=1&upscale=1&url=%2Flibrary%2Fmetadata%2F58888%2Fart%2F1773050072&X-Plex-Token=91E6EobKrRGyEzGCJkAi, size=RealSizeResolver(size=Size(width=Pixels(px=1920), height=Pixels(px=1080))), memoryCachePolicy=ENABLED, diskCachePolicy=ENABLED, cacheSource=NETWORK}
2026-03-09 21:32:53.495 10442-10442 PerformanceTracker      com.chakir.plexhubtv                 D  ⏱️ [PERF][START][IMAGE_LOAD] Coil Image Load | ID=image_load_vrbmm5 | meta={url=https://192-168-0-175.73d044407d6741c8a17d97a88c22846e.plex.direct:32400/photo/:/transcode?width=300&height=450&minSize=1&upscale=1&url=%2Flibrary%2Fmetadata%2F58929%2Fthumb%2F1773050213&X-Plex-Token=91E6EobKrRGyEzGCJkAi, size=RealSizeResolver(size=Size(width=Pixels(px=300), height=Pixels(px=450))), memoryCachePolicy=ENABLED, diskCachePolicy=ENABLED}
2026-03-09 21:32:53.505 10442-10442 PerformanceTracker      com.chakir.plexhubtv                 D  ⏱️ [PERF][START][IMAGE_LOAD] Coil Image Load | ID=image_load_cpzxet | meta={url=https://192-168-0-175.73d044407d6741c8a17d97a88c22846e.plex.direct:32400/photo/:/transcode?width=300&height=450&minSize=1&upscale=1&url=%2Flibrary%2Fmetadata%2F58889%2Fthumb%2F1773050214&X-Plex-Token=91E6EobKrRGyEzGCJkAi, size=RealSizeResolver(size=Size(width=Pixels(px=300), height=Pixels(px=450))), memoryCachePolicy=ENABLED, diskCachePolicy=ENABLED}
2026-03-09 21:32:53.641 10442-10454 hakir.plexhubt          com.chakir.plexhubtv                 I  NativeAlloc concurrent copying GC freed 62025(3MB) AllocSpace objects, 4(212KB) LOS objects, 18% free, 26MB/32MB, paused 3.359ms total 190.998ms
2026-03-09 21:32:53.641 10442-10442 PerformanceTracker      com.chakir.plexhubtv                 I  ⏱️ [PERF][END][ENRICHMENT] Enrich Media for Multi-Server Sources | TOTAL=857ms | ✅ SUCCESS
2026-03-09 21:32:53.641 10442-10442 PerformanceTracker      com.chakir.plexhubtv                 D  📊 [PERF][BREAKDOWN][ENRICHMENT] ID=enrich_58888:
2026-03-09 21:32:53.642 10442-10442 PerformanceTracker      com.chakir.plexhubtv                 D     1. Server List Loaded @ 293ms (+293ms) {total=14, plex=14}
2026-03-09 21:32:53.642 10442-10442 PerformanceTracker      com.chakir.plexhubtv                 D     2. Room Query (Hit) @ 456ms (+163ms) {duration=159, matches=2}
2026-03-09 21:32:53.642 10442-10442 PerformanceTracker      com.chakir.plexhubtv                 D  📋 [PERF][META][ENRICHMENT] ID=enrich_58888: {title=Captain Tsubasa, type=Show, ratingKey=58888, cacheHit=false, sources=3}
2026-03-09 21:32:53.643 10442-10442 MediaDetai...bleServers com.chakir.plexhubtv                 D  VM: Enrichment complete. remoteSources count: 3
2026-03-09 21:32:53.652 10442-10442 MediaDetai...teEpisodes com.chakir.plexhubtv                 D  VM: Prefetching episodes from 2 remote server(s)
2026-03-09 21:32:53.739 10442-11438 MediaDetai...nlined$map com.chakir.plexhubtv                 D  Collections: Found 1 collections in DB for 216513
2026-03-09 21:32:53.814 10442-11250 PlexSource...ll$default com.chakir.plexhubtv                 D  Cached 2 Plex episodes to Room for 216513
2026-03-09 21:32:53.852 10442-10442 PerformanceTracker      com.chakir.plexhubtv                 I  ⏱️ [PERF][END][IMAGE_LOAD] Coil Image Load | TOTAL=358ms | ✅ SUCCESS
2026-03-09 21:32:53.853 10442-10442 PerformanceTracker      com.chakir.plexhubtv                 D  📋 [PERF][META][IMAGE_LOAD] ID=image_load_vrbmm5: {url=https://192-168-0-175.73d044407d6741c8a17d97a88c22846e.plex.direct:32400/photo/:/transcode?width=300&height=450&minSize=1&upscale=1&url=%2Flibrary%2Fmetadata%2F58929%2Fthumb%2F1773050213&X-Plex-Token=91E6EobKrRGyEzGCJkAi, size=RealSizeResolver(size=Size(width=Pixels(px=300), height=Pixels(px=450))), memoryCachePolicy=ENABLED, diskCachePolicy=ENABLED, cacheSource=NETWORK}
2026-03-09 21:32:54.003 10442-10442 PerformanceTracker      com.chakir.plexhubtv                 I  ⏱️ [PERF][END][IMAGE_LOAD] Coil Image Load | TOTAL=499ms | ✅ SUCCESS
2026-03-09 21:32:54.003 10442-10442 PerformanceTracker      com.chakir.plexhubtv                 D  📋 [PERF][META][IMAGE_LOAD] ID=image_load_cpzxet: {url=https://192-168-0-175.73d044407d6741c8a17d97a88c22846e.plex.direct:32400/photo/:/transcode?width=300&height=450&minSize=1&upscale=1&url=%2Flibrary%2Fmetadata%2F58889%2Fthumb%2F1773050214&X-Plex-Token=91E6EobKrRGyEzGCJkAi, size=RealSizeResolver(size=Size(width=Pixels(px=300), height=Pixels(px=450))), memoryCachePolicy=ENABLED, diskCachePolicy=ENABLED, cacheSource=NETWORK}
2026-03-09 21:32:54.042 10442-11280 MediaDetai...nlined$map com.chakir.plexhubtv                 D  Collections: No collections found in DB for 38066
2026-03-09 21:32:54.071 10442-10454 hakir.plexhubt          com.chakir.plexhubtv                 I  Background concurrent copying GC freed 154844(8MB) AllocSpace objects, 6(104KB) LOS objects, 18% free, 26MB/32MB, paused 508us total 175.939ms
2026-03-09 21:32:54.133 10442-10442 MediaDetai...oteSources com.chakir.plexhubtv                 D  VM: Found 1 additional collection(s) from remote servers
2026-03-09 21:32:54.422 10442-11440 PlexSource...ll$default com.chakir.plexhubtv                 D  Cached 52 Plex episodes to Room for 216514
2026-03-09 21:32:54.706 10442-11432 PlexSource...ll$default com.chakir.plexhubtv                 D  Cached 39 Plex episodes to Room for 246329
2026-03-09 21:32:54.721 10442-10442 MediaDetai...teEpisodes com.chakir.plexhubtv                 D  VM: Prefetched 2 seasons from Swafflix
2026-03-09 21:32:54.868 10442-11250 PlexSource...ll$default com.chakir.plexhubtv                 D  Cached 1 Plex episodes to Room for 38066
2026-03-09 21:32:55.431 10442-11432 PlexSource...ll$default com.chakir.plexhubtv                 D  Cached 52 Plex episodes to Room for 38067
2026-03-09 21:32:55.451 10442-10442 MediaDetai...teEpisodes com.chakir.plexhubtv                 D  VM: Prefetched 1 seasons from TACOS
2026-03-09 21:32:55.452 10442-10442 EnrichMediaItemUseCase  com.chakir.plexhubtv                 D  Enrich: Invalidated episode cache entries
2026-03-09 21:32:55.478 10442-10442 MediaDetai...iedSeasons com.chakir.plexhubtv                 I  VM: Loaded 2 unified seasons in 26ms
2026-03-09 21:32:55.478 10442-10442 MediaDetai...iedSeasons com.chakir.plexhubtv                 I  VM: Merged 1 extra seasons from other servers
2026-03-09 21:32:55.501 10442-10442 PerformanceTracker      com.chakir.plexhubtv                 D  ⏱️ [PERF][START][IMAGE_LOAD] Coil Image Load | ID=image_load_-qg4ob6 | meta={url=/library/metadata/246329/thumb/1768379237, size=RealSizeResolver(size=Size(width=Pixels(px=300), height=Pixels(px=450))), memoryCachePolicy=ENABLED, diskCachePolicy=ENABLED}
2026-03-09 21:32:55.508 10442-10442 PerformanceTracker      com.chakir.plexhubtv                 I  ⏱️ [PERF][END][IMAGE_LOAD] Coil Image Load | TOTAL=8ms | ❌ FAILED
2026-03-09 21:32:55.508 10442-10442 PerformanceTracker      com.chakir.plexhubtv                 D  📋 [PERF][META][IMAGE_LOAD] ID=image_load_-qg4ob6: {url=/library/metadata/246329/thumb/1768379237, size=RealSizeResolver(size=Size(width=Pixels(px=300), height=Pixels(px=450))), memoryCachePolicy=ENABLED, diskCachePolicy=ENABLED, cacheSource=ERROR}
2026-03-09 21:32:55.508 10442-10442 FallbackAs...er$default com.chakir.plexhubtv                 E  All 1 image URLs failed for /library/metadata/246329/thumb/1768379237
2026-03-09 21:32:57.358 10442-10442 MediaDetailViewModel    com.chakir.plexhubtv                 D  ACTION [Detail] Event=OpenSeason
2026-03-09 21:32:57.398 10442-10442 SeasonDetailViewModel   com.chakir.plexhubtv                 D  SCREEN [SeasonDetail]: Loading start for 58929 on 8ce06cfd9a12c4cab3ec7206474a6338304b1801
2026-03-09 21:32:57.762 10442-10454 hakir.plexhubt          com.chakir.plexhubtv                 I  Background concurrent copying GC freed 85184(4MB) AllocSpace objects, 4(1064KB) LOS objects, 19% free, 25MB/31MB, paused 2.113ms total 123.787ms
2026-03-09 21:32:57.938 10442-11280 PlexSource...ll$default com.chakir.plexhubtv                 D  Cached 52 Plex episodes to Room for 58929
2026-03-09 21:32:58.009 10442-10442 SeasonDeta...nchLoading com.chakir.plexhubtv                 I  SCREEN [SeasonDetail] SUCCESS: Load Duration=612ms | Episodes=52
2026-03-09 21:32:58.010 10442-10442 PerformanceTracker      com.chakir.plexhubtv                 D  ⏱️ [PERF][START][ENRICHMENT] Enrich Media for Multi-Server Sources | ID=enrich_58930 | meta={title=Prends ton envol !, type=Episode, ratingKey=58930}
2026-03-09 21:32:58.014 10442-10442 PerformanceTracker      com.chakir.plexhubtv                 D  ⏱️ [PERF][START][IMAGE_LOAD] Coil Image Load | ID=image_load_-yw6ean | meta={url=https://192-168-0-175.73d044407d6741c8a17d97a88c22846e.plex.direct:32400/photo/:/transcode?width=1280&height=720&minSize=1&upscale=1&url=%2Flibrary%2Fmetadata%2F58888%2Fart%2F1773050072&X-Plex-Token=91E6EobKrRGyEzGCJkAi, size=RealSizeResolver(size=Size(width=Pixels(px=1920), height=Pixels(px=1080))), memoryCachePolicy=ENABLED, diskCachePolicy=ENABLED}
2026-03-09 21:32:58.016 10442-10442 PerformanceTracker      com.chakir.plexhubtv                 I  ⏱️ [PERF][END][IMAGE_LOAD] Coil Image Load | TOTAL=2ms | ✅ SUCCESS
2026-03-09 21:32:58.016 10442-10442 PerformanceTracker      com.chakir.plexhubtv                 D  📋 [PERF][META][IMAGE_LOAD] ID=image_load_-yw6ean: {url=https://192-168-0-175.73d044407d6741c8a17d97a88c22846e.plex.direct:32400/photo/:/transcode?width=1280&height=720&minSize=1&upscale=1&url=%2Flibrary%2Fmetadata%2F58888%2Fart%2F1773050072&X-Plex-Token=91E6EobKrRGyEzGCJkAi, size=RealSizeResolver(size=Size(width=Pixels(px=1920), height=Pixels(px=1080))), memoryCachePolicy=ENABLED, diskCachePolicy=ENABLED, cacheSource=MEMORY}
2026-03-09 21:32:58.025 10442-10442 PerformanceTracker      com.chakir.plexhubtv                 D  ⏱️ [PERF][START][IMAGE_LOAD] Coil Image Load | ID=image_load_-xt5kf4 | meta={url=https://192-168-0-175.73d044407d6741c8a17d97a88c22846e.plex.direct:32400/photo/:/transcode?width=300&height=450&minSize=1&upscale=1&url=%2Flibrary%2Fmetadata%2F58930%2Fthumb%2F1773050074&X-Plex-Token=91E6EobKrRGyEzGCJkAi, size=RealSizeResolver(size=Size(width=Pixels(px=360), height=Pixels(px=202))), memoryCachePolicy=ENABLED, diskCachePolicy=ENABLED}
2026-03-09 21:32:58.031 10442-10442 PerformanceTracker      com.chakir.plexhubtv                 D  ⏱️ [PERF][START][IMAGE_LOAD] Coil Image Load | ID=image_load_nlkf5t | meta={url=https://192-168-0-175.73d044407d6741c8a17d97a88c22846e.plex.direct:32400/photo/:/transcode?width=300&height=450&minSize=1&upscale=1&url=%2Flibrary%2Fmetadata%2F58931%2Fthumb%2F1773050076&X-Plex-Token=91E6EobKrRGyEzGCJkAi, size=RealSizeResolver(size=Size(width=Pixels(px=360), height=Pixels(px=202))), memoryCachePolicy=ENABLED, diskCachePolicy=ENABLED}
2026-03-09 21:32:58.034 10442-10442 PerformanceTracker      com.chakir.plexhubtv                 D  ⏱️ [PERF][START][IMAGE_LOAD] Coil Image Load | ID=image_load_-ik4otb | meta={url=https://192-168-0-175.73d044407d6741c8a17d97a88c22846e.plex.direct:32400/photo/:/transcode?width=300&height=450&minSize=1&upscale=1&url=%2Flibrary%2Fmetadata%2F58932%2Fthumb%2F1773050077&X-Plex-Token=91E6EobKrRGyEzGCJkAi, size=RealSizeResolver(size=Size(width=Pixels(px=360), height=Pixels(px=202))), memoryCachePolicy=ENABLED, diskCachePolicy=ENABLED}
2026-03-09 21:32:58.039 10442-10442 PerformanceTracker      com.chakir.plexhubtv                 D  ⏱️ [PERF][START][IMAGE_LOAD] Coil Image Load | ID=image_load_-w6ir7i | meta={url=https://192-168-0-175.73d044407d6741c8a17d97a88c22846e.plex.direct:32400/photo/:/transcode?width=300&height=450&minSize=1&upscale=1&url=%2Flibrary%2Fmetadata%2F58933%2Fthumb%2F1773050079&X-Plex-Token=91E6EobKrRGyEzGCJkAi, size=RealSizeResolver(size=Size(width=Pixels(px=360), height=Pixels(px=202))), memoryCachePolicy=ENABLED, diskCachePolicy=ENABLED}
2026-03-09 21:32:58.088 10442-10447 hakir.plexhubt          com.chakir.plexhubtv                 I  JIT allocated 103KB for stack maps of void com.chakir.plexhubtv.feature.details.SeasonDetailScreenKt.SeasonDetailScreen(com.chakir.plexhubtv.feature.details.SeasonDetailUiState, java.util.Map, kotlin.jvm.functions.Function1, kotlin.jvm.functions.Function0, androidx.compose.runtime.Composer, int)
2026-03-09 21:32:58.089 10442-10447 hakir.plexhubt          com.chakir.plexhubtv                 I  Compiler allocated 5MB to compile void com.chakir.plexhubtv.feature.details.SeasonDetailScreenKt.SeasonDetailScreen(com.chakir.plexhubtv.feature.details.SeasonDetailUiState, java.util.Map, kotlin.jvm.functions.Function1, kotlin.jvm.functions.Function0, androidx.compose.runtime.Composer, int)
2026-03-09 21:32:58.120 10442-10447 hakir.plexhubt          com.chakir.plexhubtv                 I  JIT allocated 60KB for stack maps of void com.chakir.plexhubtv.feature.details.SeasonDetailScreenKt.EnhancedEpisodeItem(com.chakir.plexhubtv.core.model.MediaItem, com.chakir.plexhubtv.feature.details.DownloadState, boolean, androidx.compose.ui.focus.FocusRequester, kotlin.jvm.functions.Function0, androidx.compose.runtime.Composer, int, int)
2026-03-09 21:32:58.519 10442-10442 PerformanceTracker      com.chakir.plexhubtv                 I  ⏱️ [PERF][END][IMAGE_LOAD] Coil Image Load | TOTAL=485ms | ✅ SUCCESS
2026-03-09 21:32:58.519 10442-10442 PerformanceTracker      com.chakir.plexhubtv                 D  📋 [PERF][META][IMAGE_LOAD] ID=image_load_-ik4otb: {url=https://192-168-0-175.73d044407d6741c8a17d97a88c22846e.plex.direct:32400/photo/:/transcode?width=300&height=450&minSize=1&upscale=1&url=%2Flibrary%2Fmetadata%2F58932%2Fthumb%2F1773050077&X-Plex-Token=91E6EobKrRGyEzGCJkAi, size=RealSizeResolver(size=Size(width=Pixels(px=360), height=Pixels(px=202))), memoryCachePolicy=ENABLED, diskCachePolicy=ENABLED, cacheSource=NETWORK}
2026-03-09 21:32:58.593 10442-10442 PerformanceTracker      com.chakir.plexhubtv                 I  ⏱️ [PERF][END][IMAGE_LOAD] Coil Image Load | TOTAL=561ms | ✅ SUCCESS
2026-03-09 21:32:58.593 10442-10442 PerformanceTracker      com.chakir.plexhubtv                 D  📋 [PERF][META][IMAGE_LOAD] ID=image_load_nlkf5t: {url=https://192-168-0-175.73d044407d6741c8a17d97a88c22846e.plex.direct:32400/photo/:/transcode?width=300&height=450&minSize=1&upscale=1&url=%2Flibrary%2Fmetadata%2F58931%2Fthumb%2F1773050076&X-Plex-Token=91E6EobKrRGyEzGCJkAi, size=RealSizeResolver(size=Size(width=Pixels(px=360), height=Pixels(px=202))), memoryCachePolicy=ENABLED, diskCachePolicy=ENABLED, cacheSource=NETWORK}
2026-03-09 21:32:58.594 10442-10442 PerformanceTracker      com.chakir.plexhubtv                 D  🔹 [PERF][CHECKPOINT][ENRICHMENT] Server List Loaded | ID=enrich_58930 | meta={total=14, plex=14}
2026-03-09 21:32:58.678 10442-10442 PerformanceTracker      com.chakir.plexhubtv                 I  ⏱️ [PERF][END][IMAGE_LOAD] Coil Image Load | TOTAL=641ms | ✅ SUCCESS
2026-03-09 21:32:58.679 10442-10442 PerformanceTracker      com.chakir.plexhubtv                 D  📋 [PERF][META][IMAGE_LOAD] ID=image_load_-w6ir7i: {url=https://192-168-0-175.73d044407d6741c8a17d97a88c22846e.plex.direct:32400/photo/:/transcode?width=300&height=450&minSize=1&upscale=1&url=%2Flibrary%2Fmetadata%2F58933%2Fthumb%2F1773050079&X-Plex-Token=91E6EobKrRGyEzGCJkAi, size=RealSizeResolver(size=Size(width=Pixels(px=360), height=Pixels(px=202))), memoryCachePolicy=ENABLED, diskCachePolicy=ENABLED, cacheSource=NETWORK}
2026-03-09 21:32:58.679 10442-10442 PerformanceTracker      com.chakir.plexhubtv                 I  ⏱️ [PERF][END][IMAGE_LOAD] Coil Image Load | TOTAL=654ms | ✅ SUCCESS
2026-03-09 21:32:58.679 10442-10442 PerformanceTracker      com.chakir.plexhubtv                 D  📋 [PERF][META][IMAGE_LOAD] ID=image_load_-xt5kf4: {url=https://192-168-0-175.73d044407d6741c8a17d97a88c22846e.plex.direct:32400/photo/:/transcode?width=300&height=450&minSize=1&upscale=1&url=%2Flibrary%2Fmetadata%2F58930%2Fthumb%2F1773050074&X-Plex-Token=91E6EobKrRGyEzGCJkAi, size=RealSizeResolver(size=Size(width=Pixels(px=360), height=Pixels(px=202))), memoryCachePolicy=ENABLED, diskCachePolicy=ENABLED, cacheSource=NETWORK}
2026-03-09 21:32:58.719 10442-10442 PerformanceTracker      com.chakir.plexhubtv                 D  🔹 [PERF][CHECKPOINT][ENRICHMENT] Room Query (Miss) | ID=enrich_58930 | meta={duration=120}
2026-03-09 21:32:58.719 10442-10442 PerformanceTracker      com.chakir.plexhubtv                 D  🔹 [PERF][CHECKPOINT][ENRICHMENT] Network Fallback Started | ID=enrich_58930 | meta={}
2026-03-09 21:32:58.719 10442-10442 EnrichMediaItemUseCase  com.chakir.plexhubtv                 D  Enrich: Network fallback for 'Prends ton envol !' (unificationId=imdb://tt8255400)
2026-03-09 21:32:59.013 10442-11440 PlexSource...ll$default com.chakir.plexhubtv                 D  Cached 1 Plex episodes to Room for 38066
2026-03-09 21:32:59.089 10442-11438 PerformanceTracker      com.chakir.plexhubtv                 D  🔹 [PERF][CHECKPOINT][ENRICHMENT] Tree Traversal: Show not found on aubeplex - Apple M4 | ID=enrich_58930 | meta={searched=Captain Tsubasa, candidates=}
2026-03-09 21:32:59.089 10442-11438 EnrichMediaItemUseCase  com.chakir.plexhubtv                 D  Enrich: Tree traversal miss on aubeplex - Apple M4 — searched 'Captain Tsubasa', found: 
2026-03-09 21:32:59.103 10442-11438 PlexSource...ll$default com.chakir.plexhubtv                 D  Cached 2 Plex episodes to Room for 216513
2026-03-09 21:32:59.141 10442-11438 PerformanceTracker      com.chakir.plexhubtv                 D  🔹 [PERF][CHECKPOINT][ENRICHMENT] Tree Traversal: Show not found on TheMediaCenter | ID=enrich_58930 | meta={searched=Captain Tsubasa, candidates=}
2026-03-09 21:32:59.142 10442-11438 EnrichMediaItemUseCase  com.chakir.plexhubtv                 D  Enrich: Tree traversal miss on TheMediaCenter — searched 'Captain Tsubasa', found: 
2026-03-09 21:32:59.171 10442-11438 PerformanceTracker      com.chakir.plexhubtv                 D  🔹 [PERF][CHECKPOINT][ENRICHMENT] Tree Traversal: Show not found on PLEX-Larod | ID=enrich_58930 | meta={searched=Captain Tsubasa, candidates=}
2026-03-09 21:32:59.172 10442-11438 EnrichMediaItemUseCase  com.chakir.plexhubtv                 D  Enrich: Tree traversal miss on PLEX-Larod — searched 'Captain Tsubasa', found: 
2026-03-09 21:32:59.209 10442-10454 hakir.plexhubt          com.chakir.plexhubtv                 I  Background concurrent copying GC freed 108700(5MB) AllocSpace objects, 12(1156KB) LOS objects, 18% free, 26MB/32MB, paused 671us total 223.418ms
2026-03-09 21:32:59.293 10442-11438 PerformanceTracker      com.chakir.plexhubtv                 D  🔹 [PERF][CHECKPOINT][ENRICHMENT] Tree Traversal: Show not found on DS423plus | ID=enrich_58930 | meta={searched=Captain Tsubasa, candidates=}
2026-03-09 21:32:59.293 10442-11438 EnrichMediaItemUseCase  com.chakir.plexhubtv                 D  Enrich: Tree traversal miss on DS423plus — searched 'Captain Tsubasa', found: 
2026-03-09 21:32:59.320 10442-11438 PerformanceTracker      com.chakir.plexhubtv                 D  🔹 [PERF][CHECKPOINT][ENRICHMENT] Tree Traversal: Show not found on PlexStation | ID=enrich_58930 | meta={searched=Captain Tsubasa, candidates=}
2026-03-09 21:32:59.321 10442-11438 EnrichMediaItemUseCase  com.chakir.plexhubtv                 D  Enrich: Tree traversal miss on PlexStation — searched 'Captain Tsubasa', found: 
2026-03-09 21:32:59.370 10442-11438 PerformanceTracker      com.chakir.plexhubtv                 D  🔹 [PERF][CHECKPOINT][ENRICHMENT] Tree Traversal: Show not found on AnaNAS2.0 | ID=enrich_58930 | meta={searched=Captain Tsubasa, candidates=}
2026-03-09 21:32:59.371 10442-11438 EnrichMediaItemUseCase  com.chakir.plexhubtv                 D  Enrich: Tree traversal miss on AnaNAS2.0 — searched 'Captain Tsubasa', found: 
2026-03-09 21:32:59.403 10442-11438 PerformanceTracker      com.chakir.plexhubtv                 D  🔹 [PERF][CHECKPOINT][ENRICHMENT] Tree Traversal: Show not found on kerty-server | ID=enrich_58930 | meta={searched=Captain Tsubasa, candidates=}
2026-03-09 21:32:59.413 10442-11438 EnrichMediaItemUseCase  com.chakir.plexhubtv                 D  Enrich: Tree traversal miss on kerty-server — searched 'Captain Tsubasa', found: 
2026-03-09 21:32:59.432 10442-11438 PerformanceTracker      com.chakir.plexhubtv                 D  🔹 [PERF][CHECKPOINT][ENRICHMENT] Tree Traversal: Show not found on NASZKP | ID=enrich_58930 | meta={searched=Captain Tsubasa, candidates='Olive et Tom - Captain Tsubasa Le Retour'}
2026-03-09 21:32:59.432 10442-11438 EnrichMediaItemUseCase  com.chakir.plexhubtv                 D  Enrich: Tree traversal miss on NASZKP — searched 'Captain Tsubasa', found: 'Olive et Tom - Captain Tsubasa Le Retour'
2026-03-09 21:32:59.443 10442-11438 PerformanceTracker      com.chakir.plexhubtv                 D  🔹 [PERF][CHECKPOINT][ENRICHMENT] Tree Traversal: Show not found on optiPLEX | ID=enrich_58930 | meta={searched=Captain Tsubasa, candidates=}
2026-03-09 21:32:59.447 10442-11438 EnrichMediaItemUseCase  com.chakir.plexhubtv                 D  Enrich: Tree traversal miss on optiPLEX — searched 'Captain Tsubasa', found: 
2026-03-09 21:32:59.746 10442-11361 PlexSource...ll$default com.chakir.plexhubtv                 D  Cached 52 Plex episodes to Room for 216514
2026-03-09 21:32:59.860 10442-11361 PlexSource...ll$default com.chakir.plexhubtv                 D  Cached 52 Plex episodes to Room for 38067
2026-03-09 21:32:59.867 10442-11438 PerformanceTracker      com.chakir.plexhubtv                 D  🔹 [PERF][CHECKPOINT][ENRICHMENT] Tree Traversal Match: Swafflix | ID=enrich_58930 | meta={episode=Prends ton envol !}
2026-03-09 21:32:59.867 10442-11438 PerformanceTracker      com.chakir.plexhubtv                 D  🔹 [PERF][CHECKPOINT][ENRICHMENT] Room-Show Shortcut: Swafflix | ID=enrich_58930 | meta={showRk=216513}
2026-03-09 21:32:59.923 10442-11361 PerformanceTracker      com.chakir.plexhubtv                 D  🔹 [PERF][CHECKPOINT][ENRICHMENT] Tree Traversal: Show not found on Mestate | ID=enrich_58930 | meta={searched=Captain Tsubasa, candidates=}
2026-03-09 21:32:59.923 10442-11361 EnrichMediaItemUseCase  com.chakir.plexhubtv                 D  Enrich: Tree traversal miss on Mestate — searched 'Captain Tsubasa', found: 
2026-03-09 21:32:59.971 10442-11361 PerformanceTracker      com.chakir.plexhubtv                 D  🔹 [PERF][CHECKPOINT][ENRICHMENT] Tree Traversal Match: TACOS | ID=enrich_58930 | meta={episode=Prends ton envol !}
2026-03-09 21:32:59.973 10442-11361 PerformanceTracker      com.chakir.plexhubtv                 D  🔹 [PERF][CHECKPOINT][ENRICHMENT] Room-Show Shortcut: TACOS | ID=enrich_58930 | meta={showRk=38066}
2026-03-09 21:33:02.369 10442-10442 PerformanceTracker      com.chakir.plexhubtv                 D  ⏱️ [PERF][START][PLAYBACK] Episode PlayClicked → Player | ID=playback_episode_58930_1773088382369 | meta={title=Prends ton envol !, ratingKey=58930, serverId=8ce06cfd9a12c4cab3ec7206474a6338304b1801, viewOffset=0}
2026-03-09 21:33:02.370 10442-10442 PerformanceTracker      com.chakir.plexhubtv                 D  🔹 [PERF][CHECKPOINT][PLAYBACK] UI Loading State Shown | ID=playback_episode_58930_1773088382369 | meta={}
2026-03-09 21:33:02.370 10442-10442 PerformanceTracker      com.chakir.plexhubtv                 D  ⏱️ [PERF][START][ENRICHMENT] Enrich Media for Multi-Server Sources | ID=enrich_58930 | meta={title=Prends ton envol !, type=Episode, ratingKey=58930}
2026-03-09 21:33:02.679 10442-10442 PerformanceTracker      com.chakir.plexhubtv                 D  🔹 [PERF][CHECKPOINT][ENRICHMENT] Server List Loaded | ID=enrich_58930 | meta={total=14, plex=14}
2026-03-09 21:33:02.862 10442-10442 PerformanceTracker      com.chakir.plexhubtv                 D  🔹 [PERF][CHECKPOINT][ENRICHMENT] Room Query (Miss) | ID=enrich_58930 | meta={duration=183}
2026-03-09 21:33:02.864 10442-10442 PerformanceTracker      com.chakir.plexhubtv                 D  🔹 [PERF][CHECKPOINT][ENRICHMENT] Network Fallback Started | ID=enrich_58930 | meta={}
2026-03-09 21:33:02.864 10442-10442 EnrichMediaItemUseCase  com.chakir.plexhubtv                 D  Enrich: Network fallback for 'Prends ton envol !' (unificationId=imdb://tt8255400)
2026-03-09 21:33:02.937 10442-11502 SearchRepositoryImpl    com.chakir.plexhubtv                 D  Search cache hit for 'Captain Tsubasa' on optiPLEX
2026-03-09 21:33:02.944 10442-11361 SearchRepositoryImpl    com.chakir.plexhubtv                 D  Search cache hit for 'Captain Tsubasa' on DS423plus
2026-03-09 21:33:02.944 10442-11438 SearchRepositoryImpl    com.chakir.plexhubtv                 D  Search cache hit for 'Captain Tsubasa' on kerty-server
2026-03-09 21:33:02.944 10442-11437 SearchRepositoryImpl    com.chakir.plexhubtv                 D  Search cache hit for 'Captain Tsubasa' on aubeplex - Apple M4
2026-03-09 21:33:02.944 10442-11502 PerformanceTracker      com.chakir.plexhubtv                 D  🔹 [PERF][CHECKPOINT][ENRICHMENT] Tree Traversal: Show not found on optiPLEX | ID=enrich_58930 | meta={searched=Captain Tsubasa, candidates=}
2026-03-09 21:33:02.945 10442-11280 SearchRepositoryImpl    com.chakir.plexhubtv                 D  Search cache hit for 'Captain Tsubasa' on Mestate
2026-03-09 21:33:02.949 10442-11502 EnrichMediaItemUseCase  com.chakir.plexhubtv                 D  Enrich: Tree traversal miss on optiPLEX — searched 'Captain Tsubasa', found: 
2026-03-09 21:33:02.950 10442-11280 PerformanceTracker      com.chakir.plexhubtv                 D  🔹 [PERF][CHECKPOINT][ENRICHMENT] Tree Traversal: Show not found on Mestate | ID=enrich_58930 | meta={searched=Captain Tsubasa, candidates=}
2026-03-09 21:33:02.950 10442-11361 PerformanceTracker      com.chakir.plexhubtv                 D  🔹 [PERF][CHECKPOINT][ENRICHMENT] Tree Traversal: Show not found on DS423plus | ID=enrich_58930 | meta={searched=Captain Tsubasa, candidates=}
2026-03-09 21:33:02.950 10442-11437 PerformanceTracker      com.chakir.plexhubtv                 D  🔹 [PERF][CHECKPOINT][ENRICHMENT] Tree Traversal: Show not found on aubeplex - Apple M4 | ID=enrich_58930 | meta={searched=Captain Tsubasa, candidates=}
2026-03-09 21:33:02.950 10442-11361 EnrichMediaItemUseCase  com.chakir.plexhubtv                 D  Enrich: Tree traversal miss on DS423plus — searched 'Captain Tsubasa', found: 
2026-03-09 21:33:02.951 10442-11438 PerformanceTracker      com.chakir.plexhubtv                 D  🔹 [PERF][CHECKPOINT][ENRICHMENT] Tree Traversal: Show not found on kerty-server | ID=enrich_58930 | meta={searched=Captain Tsubasa, candidates=}
2026-03-09 21:33:02.950 10442-11280 EnrichMediaItemUseCase  com.chakir.plexhubtv                 D  Enrich: Tree traversal miss on Mestate — searched 'Captain Tsubasa', found: 
2026-03-09 21:33:02.957 10442-11438 EnrichMediaItemUseCase  com.chakir.plexhubtv                 D  Enrich: Tree traversal miss on kerty-server — searched 'Captain Tsubasa', found: 
2026-03-09 21:33:02.959 10442-11437 EnrichMediaItemUseCase  com.chakir.plexhubtv                 D  Enrich: Tree traversal miss on aubeplex - Apple M4 — searched 'Captain Tsubasa', found: 
2026-03-09 21:33:02.959 10442-11486 SearchRepositoryImpl    com.chakir.plexhubtv                 D  Search cache hit for 'Captain Tsubasa' on PLEX-Larod
2026-03-09 21:33:02.962 10442-11486 PerformanceTracker      com.chakir.plexhubtv                 D  🔹 [PERF][CHECKPOINT][ENRICHMENT] Tree Traversal: Show not found on PLEX-Larod | ID=enrich_58930 | meta={searched=Captain Tsubasa, candidates=}
2026-03-09 21:33:02.962 10442-11486 EnrichMediaItemUseCase  com.chakir.plexhubtv                 D  Enrich: Tree traversal miss on PLEX-Larod — searched 'Captain Tsubasa', found: 
2026-03-09 21:33:02.964 10442-11502 SearchRepositoryImpl    com.chakir.plexhubtv                 D  Search cache hit for 'Captain Tsubasa' on NASZKP
2026-03-09 21:33:02.966 10442-11502 PerformanceTracker      com.chakir.plexhubtv                 D  🔹 [PERF][CHECKPOINT][ENRICHMENT] Tree Traversal: Show not found on NASZKP | ID=enrich_58930 | meta={searched=Captain Tsubasa, candidates='Olive et Tom - Captain Tsubasa Le Retour'}
2026-03-09 21:33:02.969 10442-11437 SearchRepositoryImpl    com.chakir.plexhubtv                 D  Search cache hit for 'Captain Tsubasa' on TheMediaCenter
2026-03-09 21:33:02.970 10442-11502 EnrichMediaItemUseCase  com.chakir.plexhubtv                 D  Enrich: Tree traversal miss on NASZKP — searched 'Captain Tsubasa', found: 'Olive et Tom - Captain Tsubasa Le Retour'
2026-03-09 21:33:02.970 10442-11437 PerformanceTracker      com.chakir.plexhubtv                 D  🔹 [PERF][CHECKPOINT][ENRICHMENT] Tree Traversal: Show not found on TheMediaCenter | ID=enrich_58930 | meta={searched=Captain Tsubasa, candidates=}
2026-03-09 21:33:02.970 10442-11437 EnrichMediaItemUseCase  com.chakir.plexhubtv                 D  Enrich: Tree traversal miss on TheMediaCenter — searched 'Captain Tsubasa', found: 
2026-03-09 21:33:02.973 10442-11486 SearchRepositoryImpl    com.chakir.plexhubtv                 D  Search cache hit for 'Captain Tsubasa' on AnaNAS2.0
2026-03-09 21:33:02.974 10442-11486 PerformanceTracker      com.chakir.plexhubtv                 D  🔹 [PERF][CHECKPOINT][ENRICHMENT] Tree Traversal: Show not found on AnaNAS2.0 | ID=enrich_58930 | meta={searched=Captain Tsubasa, candidates=}
2026-03-09 21:33:02.974 10442-11486 EnrichMediaItemUseCase  com.chakir.plexhubtv                 D  Enrich: Tree traversal miss on AnaNAS2.0 — searched 'Captain Tsubasa', found: 
2026-03-09 21:33:02.983 10442-11362 SearchRepositoryImpl    com.chakir.plexhubtv                 D  Search cache hit for 'Captain Tsubasa' on PlexStation
2026-03-09 21:33:02.986 10442-11362 PerformanceTracker      com.chakir.plexhubtv                 D  🔹 [PERF][CHECKPOINT][ENRICHMENT] Tree Traversal: Show not found on PlexStation | ID=enrich_58930 | meta={searched=Captain Tsubasa, candidates=}
2026-03-09 21:33:02.989 10442-11362 EnrichMediaItemUseCase  com.chakir.plexhubtv                 D  Enrich: Tree traversal miss on PlexStation — searched 'Captain Tsubasa', found: 
2026-03-09 21:33:03.101 10442-11362 PlexSource...ll$default com.chakir.plexhubtv                 D  Cached 2 Plex episodes to Room for 216513
2026-03-09 21:33:03.106 10442-11437 PlexSource...ll$default com.chakir.plexhubtv                 D  Cached 1 Plex episodes to Room for 38066
2026-03-09 21:33:03.438 10442-10454 hakir.plexhubt          com.chakir.plexhubtv                 I  Background concurrent copying GC freed 83919(4MB) AllocSpace objects, 11(924KB) LOS objects, 18% free, 26MB/32MB, paused 585us total 133.412ms
2026-03-09 21:33:03.675 10442-11362 PlexSource...ll$default com.chakir.plexhubtv                 D  Cached 52 Plex episodes to Room for 38067
2026-03-09 21:33:03.810 10442-11362 PlexSource...ll$default com.chakir.plexhubtv                 D  Cached 52 Plex episodes to Room for 216514
2026-03-09 21:33:03.834 10442-11362 PerformanceTracker      com.chakir.plexhubtv                 D  🔹 [PERF][CHECKPOINT][ENRICHMENT] Tree Traversal Match: TACOS | ID=enrich_58930 | meta={episode=Prends ton envol !}
2026-03-09 21:33:03.835 10442-11362 PerformanceTracker      com.chakir.plexhubtv                 D  🔹 [PERF][CHECKPOINT][ENRICHMENT] Room-Show Shortcut: TACOS | ID=enrich_58930 | meta={showRk=38066}
2026-03-09 21:33:03.924 10442-11362 PerformanceTracker      com.chakir.plexhubtv                 D  🔹 [PERF][CHECKPOINT][ENRICHMENT] Tree Traversal Match: Swafflix | ID=enrich_58930 | meta={episode=Prends ton envol !}
2026-03-09 21:33:03.925 10442-11362 PerformanceTracker      com.chakir.plexhubtv                 D  🔹 [PERF][CHECKPOINT][ENRICHMENT] Room-Show Shortcut: Swafflix | ID=enrich_58930 | meta={showRk=216513}
2026-03-09 21:33:08.943 10442-11433 SearchRepositoryImpl    com.chakir.plexhubtv                 D  Search cancelled on domi’s Mac mini (user typing)
2026-03-09 21:33:08.945 10442-11433 PerformanceTracker      com.chakir.plexhubtv                 D  🔹 [PERF][CHECKPOINT][ENRICHMENT] Tree Traversal: Show not found on domi’s Mac mini | ID=enrich_58930 | meta={searched=Captain Tsubasa, candidates=}
2026-03-09 21:33:08.948 10442-11433 EnrichMediaItemUseCase  com.chakir.plexhubtv                 D  Enrich: Tree traversal miss on domi’s Mac mini — searched 'Captain Tsubasa', found: 
2026-03-09 21:33:08.949 10442-11433 PerformanceTracker      com.chakir.plexhubtv                 D  🔹 [PERF][CHECKPOINT][ENRICHMENT] Network Fallback Complete | ID=enrich_58930 | meta={totalDuration=10229, totalMatches=2}
2026-03-09 21:33:09.012 10442-10442 PerformanceTracker      com.chakir.plexhubtv                 I  ⏱️ [PERF][END][ENRICHMENT] Enrich Media for Multi-Server Sources | TOTAL=6642ms | ✅ SUCCESS
2026-03-09 21:33:09.012 10442-10442 PerformanceTracker      com.chakir.plexhubtv                 D  📊 [PERF][BREAKDOWN][ENRICHMENT] ID=enrich_58930:
2026-03-09 21:33:09.012 10442-10442 PerformanceTracker      com.chakir.plexhubtv                 D     1. Server List Loaded @ 309ms (+309ms) {total=14, plex=14}
2026-03-09 21:33:09.013 10442-10442 PerformanceTracker      com.chakir.plexhubtv                 D     2. Room Query (Miss) @ 492ms (+183ms) {duration=183}
2026-03-09 21:33:09.013 10442-10442 PerformanceTracker      com.chakir.plexhubtv                 D     3. Network Fallback Started @ 494ms (+2ms) {}
2026-03-09 21:33:09.013 10442-10442 PerformanceTracker      com.chakir.plexhubtv                 D     4. Tree Traversal: Show not found on optiPLEX @ 568ms (+74ms) {searched=Captain Tsubasa, candidates=}
2026-03-09 21:33:09.013 10442-10442 PerformanceTracker      com.chakir.plexhubtv                 D     5. Tree Traversal: Show not found on aubeplex - Apple M4 @ 575ms (+7ms) {searched=Captain Tsubasa, candidates=}
2026-03-09 21:33:09.013 10442-10442 PerformanceTracker      com.chakir.plexhubtv                 D     6. Tree Traversal: Show not found on Mestate @ 579ms (+4ms) {searched=Captain Tsubasa, candidates=}
2026-03-09 21:33:09.013 10442-10442 PerformanceTracker      com.chakir.plexhubtv                 D     7. Tree Traversal: Show not found on DS423plus @ 580ms (+1ms) {searched=Captain Tsubasa, candidates=}
2026-03-09 21:33:09.014 10442-10442 PerformanceTracker      com.chakir.plexhubtv                 D     8. Tree Traversal: Show not found on kerty-server @ 581ms (+1ms) {searched=Captain Tsubasa, candidates=}
2026-03-09 21:33:09.014 10442-10442 PerformanceTracker      com.chakir.plexhubtv                 D     9. Tree Traversal: Show not found on PLEX-Larod @ 589ms (+8ms) {searched=Captain Tsubasa, candidates=}
2026-03-09 21:33:09.015 10442-10442 PerformanceTracker      com.chakir.plexhubtv                 D     10. Tree Traversal: Show not found on NASZKP @ 594ms (+5ms) {searched=Captain Tsubasa, candidates='Olive et Tom - Captain Tsubasa Le Retour'}
2026-03-09 21:33:09.019 10442-10442 PerformanceTracker      com.chakir.plexhubtv                 D     11. Tree Traversal: Show not found on TheMediaCenter @ 599ms (+5ms) {searched=Captain Tsubasa, candidates=}
2026-03-09 21:33:09.020 10442-10442 PerformanceTracker      com.chakir.plexhubtv                 D     12. Tree Traversal: Show not found on AnaNAS2.0 @ 604ms (+5ms) {searched=Captain Tsubasa, candidates=}
2026-03-09 21:33:09.020 10442-10442 PerformanceTracker      com.chakir.plexhubtv                 D     13. Tree Traversal: Show not found on PlexStation @ 615ms (+11ms) {searched=Captain Tsubasa, candidates=}
2026-03-09 21:33:09.021 10442-10442 PerformanceTracker      com.chakir.plexhubtv                 D     14. Tree Traversal Match: TACOS @ 1464ms (+849ms) {episode=Prends ton envol !}
2026-03-09 21:33:09.021 10442-10442 PerformanceTracker      com.chakir.plexhubtv                 D     15. Room-Show Shortcut: TACOS @ 1465ms (+1ms) {showRk=38066}
2026-03-09 21:33:09.021 10442-10442 PerformanceTracker      com.chakir.plexhubtv                 D     16. Tree Traversal Match: Swafflix @ 1554ms (+89ms) {episode=Prends ton envol !}
2026-03-09 21:33:09.021 10442-10442 PerformanceTracker      com.chakir.plexhubtv                 D     17. Room-Show Shortcut: Swafflix @ 1555ms (+1ms) {showRk=216513}
2026-03-09 21:33:09.021 10442-10442 PerformanceTracker      com.chakir.plexhubtv                 D     18. Tree Traversal: Show not found on domi’s Mac mini @ 6574ms (+5019ms) {searched=Captain Tsubasa, candidates=}
2026-03-09 21:33:09.021 10442-10442 PerformanceTracker      com.chakir.plexhubtv                 D     19. Network Fallback Complete @ 6579ms (+5ms) {totalDuration=10229, totalMatches=2}
2026-03-09 21:33:09.021 10442-10442 PerformanceTracker      com.chakir.plexhubtv                 D  📋 [PERF][META][ENRICHMENT] ID=enrich_58930: {title=Prends ton envol !, type=Episode, ratingKey=58930, cacheHit=false, sources=3}
2026-03-09 21:33:09.021 10442-10442 PerformanceTracker      com.chakir.plexhubtv                 D  ⏱️ [PERF][START][ENRICHMENT] Enrich Media for Multi-Server Sources | ID=enrich_58931 | meta={title=Il vole !, type=Episode, ratingKey=58931}
2026-03-09 21:33:09.310 10442-10442 PerformanceTracker      com.chakir.plexhubtv                 D  🔹 [PERF][CHECKPOINT][ENRICHMENT] Server List Loaded | ID=enrich_58931 | meta={total=14, plex=14}
2026-03-09 21:33:09.416 10442-10442 PerformanceTracker      com.chakir.plexhubtv                 D  🔹 [PERF][CHECKPOINT][ENRICHMENT] Room Query (Miss) | ID=enrich_58931 | meta={duration=106}
2026-03-09 21:33:09.417 10442-10442 PerformanceTracker      com.chakir.plexhubtv                 D  🔹 [PERF][CHECKPOINT][ENRICHMENT] Network Fallback Started | ID=enrich_58931 | meta={}
2026-03-09 21:33:09.418 10442-10442 EnrichMediaItemUseCase  com.chakir.plexhubtv                 D  Enrich: Network fallback for 'Il vole !' (unificationId=imdb://tt8343130)
2026-03-09 21:33:09.455 10442-11431 SearchRepositoryImpl    com.chakir.plexhubtv                 D  Search cache hit for 'Captain Tsubasa' on aubeplex - Apple M4
2026-03-09 21:33:09.455 10442-11431 PerformanceTracker      com.chakir.plexhubtv                 D  🔹 [PERF][CHECKPOINT][ENRICHMENT] Tree Traversal: Show not found on aubeplex - Apple M4 | ID=enrich_58931 | meta={searched=Captain Tsubasa, candidates=}
2026-03-09 21:33:09.455 10442-11431 EnrichMediaItemUseCase  com.chakir.plexhubtv                 D  Enrich: Tree traversal miss on aubeplex - Apple M4 — searched 'Captain Tsubasa', found: 
2026-03-09 21:33:09.462 10442-11433 SearchRepositoryImpl    com.chakir.plexhubtv                 D  Search cache hit for 'Captain Tsubasa' on Mestate
2026-03-09 21:33:09.463 10442-11437 SearchRepositoryImpl    com.chakir.plexhubtv                 D  Search cache hit for 'Captain Tsubasa' on optiPLEX
2026-03-09 21:33:09.466 10442-11433 PerformanceTracker      com.chakir.plexhubtv                 D  🔹 [PERF][CHECKPOINT][ENRICHMENT] Tree Traversal: Show not found on Mestate | ID=enrich_58931 | meta={searched=Captain Tsubasa, candidates=}
2026-03-09 21:33:09.476 10442-11433 EnrichMediaItemUseCase  com.chakir.plexhubtv                 D  Enrich: Tree traversal miss on Mestate — searched 'Captain Tsubasa', found: 
2026-03-09 21:33:09.479 10442-11486 SearchRepositoryImpl    com.chakir.plexhubtv                 D  Search cache hit for 'Captain Tsubasa' on kerty-server
2026-03-09 21:33:09.481 10442-11437 PerformanceTracker      com.chakir.plexhubtv                 D  🔹 [PERF][CHECKPOINT][ENRICHMENT] Tree Traversal: Show not found on optiPLEX | ID=enrich_58931 | meta={searched=Captain Tsubasa, candidates=}
2026-03-09 21:33:09.487 10442-11486 PerformanceTracker      com.chakir.plexhubtv                 D  🔹 [PERF][CHECKPOINT][ENRICHMENT] Tree Traversal: Show not found on kerty-server | ID=enrich_58931 | meta={searched=Captain Tsubasa, candidates=}
2026-03-09 21:33:09.487 10442-11433 SearchRepositoryImpl    com.chakir.plexhubtv                 D  Search cache hit for 'Captain Tsubasa' on DS423plus
2026-03-09 21:33:09.487 10442-11486 EnrichMediaItemUseCase  com.chakir.plexhubtv                 D  Enrich: Tree traversal miss on kerty-server — searched 'Captain Tsubasa', found: 
2026-03-09 21:33:09.487 10442-11433 PerformanceTracker      com.chakir.plexhubtv                 D  🔹 [PERF][CHECKPOINT][ENRICHMENT] Tree Traversal: Show not found on DS423plus | ID=enrich_58931 | meta={searched=Captain Tsubasa, candidates=}
2026-03-09 21:33:09.487 10442-11437 EnrichMediaItemUseCase  com.chakir.plexhubtv                 D  Enrich: Tree traversal miss on optiPLEX — searched 'Captain Tsubasa', found: 
2026-03-09 21:33:09.492 10442-11361 SearchRepositoryImpl    com.chakir.plexhubtv                 D  Search cache hit for 'Captain Tsubasa' on PLEX-Larod
2026-03-09 21:33:09.492 10442-11433 EnrichMediaItemUseCase  com.chakir.plexhubtv                 D  Enrich: Tree traversal miss on DS423plus — searched 'Captain Tsubasa', found: 
2026-03-09 21:33:09.495 10442-11361 PerformanceTracker      com.chakir.plexhubtv                 D  🔹 [PERF][CHECKPOINT][ENRICHMENT] Tree Traversal: Show not found on PLEX-Larod | ID=enrich_58931 | meta={searched=Captain Tsubasa, candidates=}
2026-03-09 21:33:09.505 10442-11361 EnrichMediaItemUseCase  com.chakir.plexhubtv                 D  Enrich: Tree traversal miss on PLEX-Larod — searched 'Captain Tsubasa', found: 
2026-03-09 21:33:09.512 10442-11437 SearchRepositoryImpl    com.chakir.plexhubtv                 D  Search cache hit for 'Captain Tsubasa' on TheMediaCenter
2026-03-09 21:33:09.516 10442-11486 SearchRepositoryImpl    com.chakir.plexhubtv                 D  Search cache hit for 'Captain Tsubasa' on NASZKP
2026-03-09 21:33:09.519 10442-11361 SearchRepositoryImpl    com.chakir.plexhubtv                 D  Search cache hit for 'Captain Tsubasa' on AnaNAS2.0
2026-03-09 21:33:09.520 10442-11437 PerformanceTracker      com.chakir.plexhubtv                 D  🔹 [PERF][CHECKPOINT][ENRICHMENT] Tree Traversal: Show not found on TheMediaCenter | ID=enrich_58931 | meta={searched=Captain Tsubasa, candidates=}
2026-03-09 21:33:09.520 10442-11437 EnrichMediaItemUseCase  com.chakir.plexhubtv                 D  Enrich: Tree traversal miss on TheMediaCenter — searched 'Captain Tsubasa', found: 
2026-03-09 21:33:09.520 10442-11361 PerformanceTracker      com.chakir.plexhubtv                 D  🔹 [PERF][CHECKPOINT][ENRICHMENT] Tree Traversal: Show not found on AnaNAS2.0 | ID=enrich_58931 | meta={searched=Captain Tsubasa, candidates=}
2026-03-09 21:33:09.520 10442-11361 EnrichMediaItemUseCase  com.chakir.plexhubtv                 D  Enrich: Tree traversal miss on AnaNAS2.0 — searched 'Captain Tsubasa', found: 
2026-03-09 21:33:09.520 10442-11486 PerformanceTracker      com.chakir.plexhubtv                 D  🔹 [PERF][CHECKPOINT][ENRICHMENT] Tree Traversal: Show not found on NASZKP | ID=enrich_58931 | meta={searched=Captain Tsubasa, candidates='Olive et Tom - Captain Tsubasa Le Retour'}
2026-03-09 21:33:09.525 10442-11486 EnrichMediaItemUseCase  com.chakir.plexhubtv                 D  Enrich: Tree traversal miss on NASZKP — searched 'Captain Tsubasa', found: 'Olive et Tom - Captain Tsubasa Le Retour'
2026-03-09 21:33:09.531 10442-11433 SearchRepositoryImpl    com.chakir.plexhubtv                 D  Search cache hit for 'Captain Tsubasa' on PlexStation
2026-03-09 21:33:09.532 10442-11433 PerformanceTracker      com.chakir.plexhubtv                 D  🔹 [PERF][CHECKPOINT][ENRICHMENT] Tree Traversal: Show not found on PlexStation | ID=enrich_58931 | meta={searched=Captain Tsubasa, candidates=}
2026-03-09 21:33:09.532 10442-11433 EnrichMediaItemUseCase  com.chakir.plexhubtv                 D  Enrich: Tree traversal miss on PlexStation — searched 'Captain Tsubasa', found: 
2026-03-09 21:33:09.622 10442-11486 PlexSource...ll$default com.chakir.plexhubtv                 D  Cached 1 Plex episodes to Room for 38066
2026-03-09 21:33:09.637 10442-11486 PlexSource...ll$default com.chakir.plexhubtv                 D  Cached 2 Plex episodes to Room for 216513
2026-03-09 21:33:10.035 10442-10454 hakir.plexhubt          com.chakir.plexhubtv                 I  Background concurrent copying GC freed 115656(6MB) AllocSpace objects, 19(2MB) LOS objects, 18% free, 26MB/32MB, paused 6.453ms total 243.595ms
2026-03-09 21:33:10.185 10442-11280 PlexSource...ll$default com.chakir.plexhubtv                 D  Cached 52 Plex episodes to Room for 216514
2026-03-09 21:33:10.308 10442-11280 PerformanceTracker      com.chakir.plexhubtv                 D  🔹 [PERF][CHECKPOINT][ENRICHMENT] Tree Traversal Match: Swafflix | ID=enrich_58931 | meta={episode=Il vole !}
2026-03-09 21:33:10.312 10442-11280 PerformanceTracker      com.chakir.plexhubtv                 D  🔹 [PERF][CHECKPOINT][ENRICHMENT] Room-Show Shortcut: Swafflix | ID=enrich_58931 | meta={showRk=216513}
2026-03-09 21:33:10.339 10442-11280 PlexSource...ll$default com.chakir.plexhubtv                 D  Cached 52 Plex episodes to Room for 38067
2026-03-09 21:33:10.412 10442-11280 PerformanceTracker      com.chakir.plexhubtv                 D  🔹 [PERF][CHECKPOINT][ENRICHMENT] Tree Traversal Match: TACOS | ID=enrich_58931 | meta={episode=Il vole !}
2026-03-09 21:33:10.412 10442-11280 PerformanceTracker      com.chakir.plexhubtv                 D  🔹 [PERF][CHECKPOINT][ENRICHMENT] Room-Show Shortcut: TACOS | ID=enrich_58931 | meta={showRk=38066}
2026-03-09 21:33:13.002 10442-11427 SearchRepositoryImpl    com.chakir.plexhubtv                 D  Search cancelled on domi’s Mac mini (user typing)
2026-03-09 21:33:13.002 10442-11427 PerformanceTracker      com.chakir.plexhubtv                 W  ⚠️ [PERF] Checkpoint 'Tree Traversal: Show not found on domi’s Mac mini' for unknown operation enrich_58930
2026-03-09 21:33:13.002 10442-11427 EnrichMediaItemUseCase  com.chakir.plexhubtv                 D  Enrich: Tree traversal miss on domi’s Mac mini — searched 'Captain Tsubasa', found: 
2026-03-09 21:33:13.002 10442-11427 PerformanceTracker      com.chakir.plexhubtv                 W  ⚠️ [PERF] Checkpoint 'Network Fallback Complete' for unknown operation enrich_58930
2026-03-09 21:33:13.050 10442-10442 PerformanceTracker      com.chakir.plexhubtv                 W  ⚠️ [PERF] Attempted to end unknown operation enrich_58930
2026-03-09 21:33:13.051 10442-10442 PerformanceTracker      com.chakir.plexhubtv                 D  🔹 [PERF][CHECKPOINT][PLAYBACK] PreparePlayback | ID=playback_episode_58930_1773088382369 | meta={duration=10680, sources=3, result=NeedsSourceSelection}
2026-03-09 21:33:13.060 10442-11438 GetPlayQue...ase$invoke com.chakir.plexhubtv                 W  PlayQueue: Episode rk=58930 not found in 1 season episodes (parentKey=58929) → single-item queue
